Archive member included to satisfy reference by file (symbol)

.pio/build/teensy35/lib5c6/libSdFat.a(ExFatFile.cpp.o)
                              .pio/build/teensy35/tools/reset_eeprom_SD.cpp.o (ExFatFile::getCreateDateTime(unsigned short*, unsigned short*))
.pio/build/teensy35/lib5c6/libSdFat.a(ExFatFileWrite.cpp.o)
                              .pio/build/teensy35/tools/reset_eeprom_SD.cpp.o (ExFatFile::remove())
.pio/build/teensy35/lib5c6/libSdFat.a(ExFatName.cpp.o)
                              .pio/build/teensy35/lib5c6/libSdFat.a(ExFatFile.cpp.o) (ExFatFile::cmpName(DirName_t const*, ExName_t*))
.pio/build/teensy35/lib5c6/libSdFat.a(ExFatPartition.cpp.o)
                              .pio/build/teensy35/lib5c6/libSdFat.a(ExFatFileWrite.cpp.o) (ExFatPartition::bitmapFind(unsigned long, unsigned long))
.pio/build/teensy35/lib5c6/libSdFat.a(ExFatVolume.cpp.o)
                              .pio/build/teensy35/lib5c6/libSdFat.a(ExFatFile.cpp.o) (ExFatVolume::m_cwv)
.pio/build/teensy35/lib5c6/libSdFat.a(FatFile.cpp.o)
                              .pio/build/teensy35/tools/reset_eeprom_SD.cpp.o (FatFile::getCreateDateTime(unsigned short*, unsigned short*))
.pio/build/teensy35/lib5c6/libSdFat.a(FatFileLFN.cpp.o)
                              .pio/build/teensy35/lib5c6/libSdFat.a(FatFile.cpp.o) (FatFile::open(FatFile*, FatLfn_t*, int))
.pio/build/teensy35/lib5c6/libSdFat.a(FatName.cpp.o)
                              .pio/build/teensy35/lib5c6/libSdFat.a(FatFileLFN.cpp.o) (FatFile::getLfnChar(DirLfn_t*, unsigned char))
.pio/build/teensy35/lib5c6/libSdFat.a(FatPartition.cpp.o)
                              .pio/build/teensy35/lib5c6/libSdFat.a(FatFile.cpp.o) (FatPartition::allocateCluster(unsigned long, unsigned long*))
.pio/build/teensy35/lib5c6/libSdFat.a(FatVolume.cpp.o)
                              .pio/build/teensy35/lib5c6/libSdFat.a(FatFile.cpp.o) (FatVolume::m_cwv)
.pio/build/teensy35/lib5c6/libSdFat.a(FsFile.cpp.o)
                              .pio/build/teensy35/tools/reset_eeprom_SD.cpp.o (FsBaseFile::FsBaseFile(FsBaseFile const&))
.pio/build/teensy35/lib5c6/libSdFat.a(FsNew.cpp.o)
                              .pio/build/teensy35/lib5c6/libSdFat.a(FsFile.cpp.o) (operator new(unsigned int, unsigned long*))
.pio/build/teensy35/lib5c6/libSdFat.a(FsVolume.cpp.o)
                              .pio/build/teensy35/tools/reset_eeprom_SD.cpp.o (FsVolume::open(char const*, int))
.pio/build/teensy35/lib5c6/libSdFat.a(FsCache.cpp.o)
                              .pio/build/teensy35/lib5c6/libSdFat.a(ExFatFile.cpp.o) (FsCache::sync())
.pio/build/teensy35/lib5c6/libSdFat.a(FsDateTime.cpp.o)
                              .pio/build/teensy35/lib5c6/libSdFat.a(ExFatFile.cpp.o) (FsDateTime::callback)
.pio/build/teensy35/lib5c6/libSdFat.a(FsName.cpp.o)
                              .pio/build/teensy35/lib5c6/libSdFat.a(ExFatFile.cpp.o) (FsName::get16())
.pio/build/teensy35/lib5c6/libSdFat.a(FsUtf.cpp.o)
                              .pio/build/teensy35/lib5c6/libSdFat.a(ExFatName.cpp.o) (FsUtf::cpToMb(unsigned long, char*, char*))
.pio/build/teensy35/lib5c6/libSdFat.a(upcase.cpp.o)
                              .pio/build/teensy35/lib5c6/libSdFat.a(ExFatName.cpp.o) (toUpcase(unsigned short))
.pio/build/teensy35/lib5c6/libSdFat.a(ExFatFilePrint.cpp.o)
                              .pio/build/teensy35/lib5c6/libSdFat.a(FsVolume.cpp.o) (ExFatFile::ls(Print*, unsigned char, unsigned char))
.pio/build/teensy35/lib5c6/libSdFat.a(FatFilePrint.cpp.o)
                              .pio/build/teensy35/lib5c6/libSdFat.a(FsVolume.cpp.o) (FatFile::ls(Print*, unsigned char, unsigned char))
.pio/build/teensy35/lib5c6/libSdFat.a(FmtNumber.cpp.o)
                              .pio/build/teensy35/lib5c6/libSdFat.a(FsDateTime.cpp.o) (fmtBase10(char*, unsigned short))
.pio/build/teensy35/libb73/libSD.a(SD.cpp.o)
                              .pio/build/teensy35/tools/reset_eeprom_SD.cpp.o (SDClass::begin(unsigned char))
.pio/build/teensy35/libFrameworkArduino.a(Print.cpp.o)
                              .pio/build/teensy35/tools/reset_eeprom_SD.cpp.o (Print::write(unsigned char const*, unsigned int))
.pio/build/teensy35/libFrameworkArduino.a(Time.cpp.o)
                              .pio/build/teensy35/libb73/libSD.a(SD.cpp.o) (breakTime(unsigned long, DateTimeFields&))
.pio/build/teensy35/libFrameworkArduino.a(WString.cpp.o)
                              .pio/build/teensy35/tools/reset_eeprom_SD.cpp.o (String::String(char const*))
.pio/build/teensy35/libFrameworkArduino.a(eeprom.c.o)
                              .pio/build/teensy35/tools/reset_eeprom_SD.cpp.o (eeprom_initialize)
.pio/build/teensy35/libFrameworkArduino.a(main.cpp.o)
                              /Users/omdeshmukh/.platformio/packages/toolchain-gccarmnoneeabi-teensy/bin/../lib/gcc/arm-none-eabi/11.3.1/../../../../arm-none-eabi/lib/thumb/v7e-m+fp/hard/crt0.o (main)
.pio/build/teensy35/libFrameworkArduino.a(memcpy-armv7m.S.o)
[...]
Memory Configuration

Name             Origin             Length             Attributes
FLASH            0x0000000000000000 0x0000000000080000 xr
RAM              0x000000001fff0000 0x000000000003fff8 xrw
*default*        0x0000000000000000 0xffffffffffffffff

Linker script and memory map

LOAD /Users/omdeshmukh/.platformio/packages/toolchain-gccarmnoneeabi-teensy/bin/../lib/gcc/arm-none-eabi/11.3.1/thumb/v7e-m+fp/hard/crti.o
LOAD /Users/omdeshmukh/.platformio/packages/toolchain-gccarmnoneeabi-teensy/bin/../lib/gcc/arm-none-eabi/11.3.1/thumb/v7e-m+fp/hard/crtbegin.o
LOAD /Users/omdeshmukh/.platformio/packages/toolchain-gccarmnoneeabi-teensy/bin/../lib/gcc/arm-none-eabi/11.3.1/../../../../arm-none-eabi/lib/thumb/v7e-m+fp/hard/crt0.o
                0x000000006768cbb2                __rtc_localtime = 0x6768cbb2
LOAD .pio/build/teensy35/tools/reset_eeprom_SD.cpp.o
START GROUP
LOAD .pio/build/teensy35/liba5b/libUnity.a
LOAD .pio/build/teensy35/lib757/libekf.a
LOAD .pio/build/teensy35/lib96f/libEEPROM.a
LOAD .pio/build/teensy35/lib85d/libSPI.a
LOAD .pio/build/teensy35/lib5c6/libSdFat.a
LOAD .pio/build/teensy35/libb73/libSD.a
LOAD .pio/build/teensy35/libFrameworkArduino.a
LOAD /Users/omdeshmukh/.platformio/packages/toolchain-gccarmnoneeabi-teensy/bin/../lib/gcc/arm-none-eabi/11.3.1/../../../../arm-none-eabi/lib/libarm_cortexM4lf_math.a
LOAD /Users/omdeshmukh/.platformio/packages/toolchain-gccarmnoneeabi-teensy/bin/../lib/gcc/arm-none-eabi/11.3.1/../../../../arm-none-eabi/lib/thumb/v7e-m+fp/hard/libstdc++.a
END GROUP
LOAD /Users/omdeshmukh/.platformio/packages/toolchain-gccarmnoneeabi-teensy/bin/../lib/gcc/arm-none-eabi/11.3.1/../../../../arm-none-eabi/lib/thumb/v7e-m+fp/hard/libstdc++.a
LOAD /Users/omdeshmukh/.platformio/packages/toolchain-gccarmnoneeabi-teensy/bin/../lib/gcc/arm-none-eabi/11.3.1/../../../../arm-none-eabi/lib/thumb/v7e-m+fp/hard/libm.a
START GROUP
LOAD /Users/omdeshmukh/.platformio/packages/toolchain-gccarmnoneeabi-teensy/bin/../lib/gcc/arm-none-eabi/11.3.1/thumb/v7e-m+fp/hard/libgcc.a
LOAD /Users/omdeshmukh/.platformio/packages/toolchain-gccarmnoneeabi-teensy/bin/../lib/gcc/arm-none-eabi/11.3.1/../../../../arm-none-eabi/lib/thumb/v7e-m+fp/hard/libc.a
END GROUP
LOAD /Users/omdeshmukh/.platformio/packages/toolchain-gccarmnoneeabi-teensy/bin/../lib/gcc/arm-none-eabi/11.3.1/thumb/v7e-m+fp/hard/crtend.o
LOAD /Users/omdeshmukh/.platformio/packages/toolchain-gccarmnoneeabi-teensy/bin/../lib/gcc/arm-none-eabi/11.3.1/thumb/v7e-m+fp/hard/crtn.o

.text           0x0000000000000000    0x1c978
                0x0000000000000000                . = 0x0
 *(.vectors)
 .vectors       0x0000000000000000      0x198 .pio/build/teensy35/libFrameworkArduino.a(mk20dx128.c.o)
                0x0000000000000000                _VectorsFlash
 *(.startup*)
 .startup       0x0000000000000198      0x1d0 .pio/build/teensy35/libFrameworkArduino.a(mk20dx128.c.o)
                0x0000000000000198                ResetHandler
                0x0000000000000400                . = 0x400
 *fill*         0x0000000000000368       0x98 ff
 *(.flashconfig*)
 .flashconfig   0x0000000000000400       0x10 .pio/build/teensy35/libFrameworkArduino.a(mk20dx128.c.o)
                0x0000000000000400                flashconfigbytes
 *(.text*)
 .text.register_tm_clones
                0x0000000000000410       0x24 /Users/omdeshmukh/.platformio/packages/toolchain-gccarmnoneeabi-teensy/bin/../lib/gcc/arm-none-eabi/11.3.1/thumb/v7e-m+fp/hard/crtbegin.o
 .text.frame_dummy
                0x0000000000000434       0x24 /Users/omdeshmukh/.platformio/packages/toolchain-gccarmnoneeabi-teensy/bin/../lib/gcc/arm-none-eabi/11.3.1/thumb/v7e-m+fp/hard/crtbegin.o
 .text._ZN5Print17availableForWriteEv
                0x0000000000000458        0x4 .pio/build/teensy35/tools/reset_eeprom_SD.cpp.o
                0x0000000000000458                Print::availableForWrite()
 .text._ZN5Print5flushEv
                0x000000000000045c        0x4 .pio/build/teensy35/tools/reset_eeprom_SD.cpp.o
                0x000000000000045c                Print::flush()
 .text._ZN6SDFile6isOpenEv
                0x0000000000000460       0x14 .pio/build/teensy35/tools/reset_eeprom_SD.cpp.o
                0x0000000000000460                SDFile::isOpen()
 .text._ZN6SDFile5closeEv
                0x0000000000000474       0x28 .pio/build/teensy35/tools/reset_eeprom_SD.cpp.o
                0x0000000000000474                SDFile::close()
 .text._ZN6SDFile4nameEv
                0x000000000000049c       0x50 .pio/build/teensy35/tools/reset_eeprom_SD.cpp.o
                0x000000000000049c                SDFile::name()
 .text._ZN6SDFile8truncateEy
                0x00000000000004ec       0x3c .pio/build/teensy35/tools/reset_eeprom_SD.cpp.o
                0x00000000000004ec                SDFile::truncate(unsigned long long)
 .text._ZN6SDFile13setModifyTimeERK14DateTimeFields
                0x0000000000000528       0x50 .pio/build/teensy35/tools/reset_eeprom_SD.cpp.o
                0x0000000000000528                SDFile::setModifyTime(DateTimeFields const&)
 .text._ZN6SDFile15rewindDirectoryEv
                0x0000000000000578       0x48 .pio/build/teensy35/tools/reset_eeprom_SD.cpp.o
                0x0000000000000578                SDFile::rewindDirectory()
 .text._ZN6SDFile13getModifyTimeER14DateTimeFields
                0x00000000000005c0       0x70 .pio/build/teensy35/tools/reset_eeprom_SD.cpp.o
                0x00000000000005c0                SDFile::getModifyTime(DateTimeFields&)
 .text._ZN6SDFile13getCreateTimeER14DateTimeFields
                0x0000000000000630       0x70 .pio/build/teensy35/tools/reset_eeprom_SD.cpp.o
                0x0000000000000630                SDFile::getCreateTime(DateTimeFields&)
 .text._ZN4File9availableEv
                0x00000000000006a0       0x60 .pio/build/teensy35/tools/reset_eeprom_SD.cpp.o
                0x00000000000006a0                File::available()
 .text._ZN4File5writeEh
                0x0000000000000700       0x54 .pio/build/teensy35/tools/reset_eeprom_SD.cpp.o
                0x0000000000000700                File::write(unsigned char)
 .text._ZN4File5flushEv
                0x0000000000000754       0x28 .pio/build/teensy35/tools/reset_eeprom_SD.cpp.o
                0x0000000000000754                File::flush()
 .text._ZN4File4peekEv
                0x000000000000077c       0x2c .pio/build/teensy35/tools/reset_eeprom_SD.cpp.o
                0x000000000000077c                File::peek()
 .text._ZN4File4readEv
                0x00000000000007a8       0x58 .pio/build/teensy35/tools/reset_eeprom_SD.cpp.o
                0x00000000000007a8                File::read()
 .text._ZN6SDFile8positionEv
                0x0000000000000800       0x1c .pio/build/teensy35/tools/reset_eeprom_SD.cpp.o
                0x0000000000000800                SDFile::position()
 .text._ZN6SDFile4sizeEv
                0x000000000000081c       0x1c .pio/build/teensy35/tools/reset_eeprom_SD.cpp.o
                0x000000000000081c                SDFile::size()
 .text._ZN6SDFile12openNextFileEh
                0x0000000000000838       0xd4 .pio/build/teensy35/tools/reset_eeprom_SD.cpp.o
                0x0000000000000838                SDFile::openNextFile(unsigned char)
 .text._ZN10StreamFileI10FsBaseFileyE4peekEv
                0x000000000000090c       0x18 .pio/build/teensy35/tools/reset_eeprom_SD.cpp.o
                0x000000000000090c                StreamFile<FsBaseFile, unsigned long long>::peek()
 .text._ZN6SDFile4peekEv
                0x0000000000000924       0x18 .pio/build/teensy35/tools/reset_eeprom_SD.cpp.o
                0x0000000000000924                SDFile::peek()
 .text._ZN6SDFile11isDirectoryEv
                0x000000000000093c       0x28 .pio/build/teensy35/tools/reset_eeprom_SD.cpp.o
                0x000000000000093c                SDFile::isDirectory()
 .text._ZN6SDFile4readEPvj
                0x0000000000000964       0x18 .pio/build/teensy35/tools/reset_eeprom_SD.cpp.o
                0x0000000000000964                SDFile::read(void*, unsigned int)
 .text._ZN10StreamFileI10FsBaseFileyE4readEv
                0x000000000000097c       0x38 .pio/build/teensy35/tools/reset_eeprom_SD.cpp.o
                0x000000000000097c                StreamFile<FsBaseFile, unsigned long long>::read()
 .text._ZN6SDFile5flushEv
                0x00000000000009b4       0x14 .pio/build/teensy35/tools/reset_eeprom_SD.cpp.o
                0x00000000000009b4                SDFile::flush()
 .text._ZN10StreamFileI10FsBaseFileyE5flushEv
                0x00000000000009c8       0x14 .pio/build/teensy35/tools/reset_eeprom_SD.cpp.o
                0x00000000000009c8                StreamFile<FsBaseFile, unsigned long long>::flush()
 .text._ZN10StreamFileI10FsBaseFileyE5writeEPKhj
                0x00000000000009dc       0x14 .pio/build/teensy35/tools/reset_eeprom_SD.cpp.o
                0x00000000000009dc                StreamFile<FsBaseFile, unsigned long long>::write(unsigned char const*, unsigned int)
 .text._ZN6SDFile5writeEPKvj
                0x00000000000009f0       0x14 .pio/build/teensy35/tools/reset_eeprom_SD.cpp.o
                0x00000000000009f0                SDFile::write(void const*, unsigned int)
 .text._ZN10StreamFileI10FsBaseFileyE5writeEh
                0x0000000000000a04       0x34 .pio/build/teensy35/tools/reset_eeprom_SD.cpp.o
                0x0000000000000a04                StreamFile<FsBaseFile, unsigned long long>::write(unsigned char)
 .text._ZN6SDFile13setCreateTimeERK14DateTimeFields
                0x0000000000000a38       0x50 .pio/build/teensy35/tools/reset_eeprom_SD.cpp.o
                0x0000000000000a38                SDFile::setCreateTime(DateTimeFields const&)
 .text._ZN6SDFile9availableEv
                0x0000000000000a88       0x4c .pio/build/teensy35/tools/reset_eeprom_SD.cpp.o
                0x0000000000000a88                SDFile::available()
 .text._ZN10StreamFileI10FsBaseFileyE9availableEv
                0x0000000000000ad4       0x4c .pio/build/teensy35/tools/reset_eeprom_SD.cpp.o
                0x0000000000000ad4                StreamFile<FsBaseFile, unsigned long long>::available()
 .text._ZN4File5writeEPKhj
                0x0000000000000b20       0x44 .pio/build/teensy35/tools/reset_eeprom_SD.cpp.o
                0x0000000000000b20                File::write(unsigned char const*, unsigned int)
 .text._ZN6SDFileD2Ev
                0x0000000000000b64       0x40 .pio/build/teensy35/tools/reset_eeprom_SD.cpp.o
                0x0000000000000b64                SDFile::~SDFile()
                0x0000000000000b64                SDFile::~SDFile()
 .text._ZN6SDFileD0Ev
                0x0000000000000ba4       0x48 .pio/build/teensy35/tools/reset_eeprom_SD.cpp.o
                0x0000000000000ba4                SDFile::~SDFile()
 .text._ZN6SDFile4seekEyi
                0x0000000000000bec       0x90 .pio/build/teensy35/tools/reset_eeprom_SD.cpp.o
                0x0000000000000bec                SDFile::seek(unsigned long long, int)
 .text._ZN4FileD2Ev
                0x0000000000000c7c       0xa8 .pio/build/teensy35/tools/reset_eeprom_SD.cpp.o
                0x0000000000000c7c                File::~File()
                0x0000000000000c7c                File::~File()
 .text._ZN4FileD0Ev
                0x0000000000000d24       0xb0 .pio/build/teensy35/tools/reset_eeprom_SD.cpp.o
                0x0000000000000d24                File::~File()
 .text._ZN4File12dec_refcountEv
                0x0000000000000dd4       0xa0 .pio/build/teensy35/tools/reset_eeprom_SD.cpp.o
                0x0000000000000dd4                File::dec_refcount()
 .text.setup    0x0000000000000e74      0xabc .pio/build/teensy35/tools/reset_eeprom_SD.cpp.o
                0x0000000000000e74                setup
 .text.loop     0x0000000000001930       0x24 .pio/build/teensy35/tools/reset_eeprom_SD.cpp.o
                0x0000000000001930                loop
 .text.startup._GLOBAL__sub_I_create_files
                0x0000000000001954        0x4 .pio/build/teensy35/tools/reset_eeprom_SD.cpp.o
 .text._ZN9ExFatFile8dirCacheEhh
                0x0000000000001958       0x3c .pio/build/teensy35/lib5c6/libSdFat.a(ExFatFile.cpp.o)
                0x0000000000001958                ExFatFile::dirCache(unsigned char, unsigned char)
 .text._ZN9ExFatFile5closeEv
                0x0000000000001994       0x14 .pio/build/teensy35/lib5c6/libSdFat.a(ExFatFile.cpp.o)
                0x0000000000001994                ExFatFile::close()
 .text._ZN9ExFatFile17getCreateDateTimeEPtS0_
                0x00000000000019a8       0x24 .pio/build/teensy35/lib5c6/libSdFat.a(ExFatFile.cpp.o)
                0x00000000000019a8                ExFatFile::getCreateDateTime(unsigned short*, unsigned short*)
 .text._ZN9ExFatFile17getModifyDateTimeEPtS0_
                0x00000000000019cc       0x24 .pio/build/teensy35/lib5c6/libSdFat.a(ExFatFile.cpp.o)
                0x00000000000019cc                ExFatFile::getModifyDateTime(unsigned short*, unsigned short*)
 .text._ZN9ExFatFile8openRootEP11ExFatVolume
                0x00000000000019f0       0x28 .pio/build/teensy35/lib5c6/libSdFat.a(ExFatFile.cpp.o)
                0x00000000000019f0                ExFatFile::openRoot(ExFatVolume*)
 .text._ZN9ExFatFile13parsePathNameEPKcP8ExName_tPS1_
                0x0000000000001a18       0xa8 .pio/build/teensy35/lib5c6/libSdFat.a(ExFatFile.cpp.o)
                0x0000000000001a18                ExFatFile::parsePathName(char const*, ExName_t*, char const**)
 .text._ZN9ExFatFile4readEPvj
                0x0000000000001ac0      0x1a8 .pio/build/teensy35/lib5c6/libSdFat.a(ExFatFile.cpp.o)
                0x0000000000001ac0                ExFatFile::read(void*, unsigned int)
 .text._ZN9ExFatFile4peekEv
                0x0000000000001c68       0x30 .pio/build/teensy35/lib5c6/libSdFat.a(ExFatFile.cpp.o)
                0x0000000000001c68                ExFatFile::peek()
 .text._ZN9ExFatFile7seekSetEy
                0x0000000000001c98       0xe0 .pio/build/teensy35/lib5c6/libSdFat.a(ExFatFile.cpp.o)
                0x0000000000001c98                ExFatFile::seekSet(unsigned long long)
 .text._ZN9ExFatFile11openPrivateEPS_P8ExName_ti
                0x0000000000001d78      0x394 .pio/build/teensy35/lib5c6/libSdFat.a(ExFatFile.cpp.o)
                0x0000000000001d78                ExFatFile::openPrivate(ExFatFile*, ExName_t*, int)
 .text._ZN9ExFatFile4openEPS_PKci
                0x000000000000210c       0xd0 .pio/build/teensy35/lib5c6/libSdFat.a(ExFatFile.cpp.o)
                0x000000000000210c                ExFatFile::open(ExFatFile*, char const*, int)
 .text._ZN9ExFatFile4openEP11ExFatVolumePKci
                0x00000000000021dc       0x10 .pio/build/teensy35/lib5c6/libSdFat.a(ExFatFile.cpp.o)
                0x00000000000021dc                ExFatFile::open(ExFatVolume*, char const*, int)
 .text._ZN9ExFatFile8openNextEPS_i
                0x00000000000021ec       0x24 .pio/build/teensy35/lib5c6/libSdFat.a(ExFatFile.cpp.o)
                0x00000000000021ec                ExFatFile::openNext(ExFatFile*, int)
 .text._ZN9ExFatFile10addClusterEv
                0x0000000000002210       0x94 .pio/build/teensy35/lib5c6/libSdFat.a(ExFatFileWrite.cpp.o)
                0x0000000000002210                ExFatFile::addCluster()
 .text._ZN9ExFatFile6removeEv
                0x00000000000022a4       0xb4 .pio/build/teensy35/lib5c6/libSdFat.a(ExFatFileWrite.cpp.o)
                0x00000000000022a4                ExFatFile::remove()
 .text._ZN9ExFatFile5rmdirEv
                0x0000000000002358       0x60 .pio/build/teensy35/lib5c6/libSdFat.a(ExFatFileWrite.cpp.o)
                0x0000000000002358                ExFatFile::rmdir()
 .text._ZN9ExFatFile7syncDirEv
                0x00000000000023b8      0x134 .pio/build/teensy35/lib5c6/libSdFat.a(ExFatFileWrite.cpp.o)
                0x00000000000023b8                ExFatFile::syncDir()
 .text._ZN9ExFatFile4syncEv
                0x00000000000024ec       0x60 .pio/build/teensy35/lib5c6/libSdFat.a(ExFatFileWrite.cpp.o)
                0x00000000000024ec                ExFatFile::sync()
 .text._ZN9ExFatFile13addDirClusterEv
                0x000000000000254c       0xb0 .pio/build/teensy35/lib5c6/libSdFat.a(ExFatFileWrite.cpp.o)
                0x000000000000254c                ExFatFile::addDirCluster()
 .text._ZN9ExFatFile6renameEPS_PKc
                0x00000000000025fc       0x7c .pio/build/teensy35/lib5c6/libSdFat.a(ExFatFileWrite.cpp.o)
                0x00000000000025fc                ExFatFile::rename(ExFatFile*, char const*)
 .text._ZN9ExFatFile5mkdirEPS_P8ExName_t
                0x0000000000002678       0x60 .pio/build/teensy35/lib5c6/libSdFat.a(ExFatFileWrite.cpp.o)
                0x0000000000002678                ExFatFile::mkdir(ExFatFile*, ExName_t*)
 .text._ZN9ExFatFile5mkdirEPS_PKcb
                0x00000000000026d8       0xa4 .pio/build/teensy35/lib5c6/libSdFat.a(ExFatFileWrite.cpp.o)
                0x00000000000026d8                ExFatFile::mkdir(ExFatFile*, char const*, bool)
 .text._ZN9ExFatFile9timestampEhthhhhh
                0x000000000000277c      0x160 .pio/build/teensy35/lib5c6/libSdFat.a(ExFatFileWrite.cpp.o)
                0x000000000000277c                ExFatFile::timestamp(unsigned char, unsigned short, unsigned char, unsigned char, unsigned char, unsigned char, unsigned char)
 .text._ZN9ExFatFile8truncateEv
                0x00000000000028dc       0xe4 .pio/build/teensy35/lib5c6/libSdFat.a(ExFatFileWrite.cpp.o)
                0x00000000000028dc                ExFatFile::truncate()
 .text._ZN9ExFatFile5writeEPKvj
                0x00000000000029c0      0x27c .pio/build/teensy35/lib5c6/libSdFat.a(ExFatFileWrite.cpp.o)
                0x00000000000029c0                ExFatFile::write(void const*, unsigned int)
 .text._ZN9ExFatFile7cmpNameEPK9DirName_tP8ExName_t
                0x0000000000002c3c       0x4c .pio/build/teensy35/lib5c6/libSdFat.a(ExFatName.cpp.o)
                0x0000000000002c3c                ExFatFile::cmpName(DirName_t const*, ExName_t*)
 .text._ZN9ExFatFile8getName8EPcj
                0x0000000000002c88       0xc8 .pio/build/teensy35/lib5c6/libSdFat.a(ExFatName.cpp.o)
                0x0000000000002c88                ExFatFile::getName8(char*, unsigned int)
 .text._ZN9ExFatFile8hashNameEP8ExName_t
                0x0000000000002d50       0x6c .pio/build/teensy35/lib5c6/libSdFat.a(ExFatName.cpp.o)
                0x0000000000002d50                ExFatFile::hashName(ExName_t*)
 .text._ZN14ExFatPartition10bitmapFindEmm
                0x0000000000002dbc       0xc0 .pio/build/teensy35/lib5c6/libSdFat.a(ExFatPartition.cpp.o)
                0x0000000000002dbc                ExFatPartition::bitmapFind(unsigned long, unsigned long)
 .text._ZN14ExFatPartition12bitmapModifyEmmb
                0x0000000000002e7c       0xb0 .pio/build/teensy35/lib5c6/libSdFat.a(ExFatPartition.cpp.o)
                0x0000000000002e7c                ExFatPartition::bitmapModify(unsigned long, unsigned long, bool)
 .text._ZN14ExFatPartition9chainSizeEm
                0x0000000000002f2c       0x50 .pio/build/teensy35/lib5c6/libSdFat.a(ExFatPartition.cpp.o)
                0x0000000000002f2c                ExFatPartition::chainSize(unsigned long)
 .text._ZN14ExFatPartition8dirCacheEP8DirPos_th
                0x0000000000002f7c       0x38 .pio/build/teensy35/lib5c6/libSdFat.a(ExFatPartition.cpp.o)
                0x0000000000002f7c                ExFatPartition::dirCache(DirPos_t*, unsigned char)
 .text._ZN14ExFatPartition7dirSeekEP8DirPos_tm
                0x0000000000002fb4       0x84 .pio/build/teensy35/lib5c6/libSdFat.a(ExFatPartition.cpp.o)
                0x0000000000002fb4                ExFatPartition::dirSeek(DirPos_t*, unsigned long)
 .text._ZN14ExFatPartition6fatGetEmPm
                0x0000000000003038       0x40 .pio/build/teensy35/lib5c6/libSdFat.a(ExFatPartition.cpp.o)
                0x0000000000003038                ExFatPartition::fatGet(unsigned long, unsigned long*)
 .text._ZN14ExFatPartition6fatPutEmm
                0x0000000000003078       0x40 .pio/build/teensy35/lib5c6/libSdFat.a(ExFatPartition.cpp.o)
                0x0000000000003078                ExFatPartition::fatPut(unsigned long, unsigned long)
 .text._ZN14ExFatPartition9freeChainEm
                0x00000000000030b8       0xbc .pio/build/teensy35/lib5c6/libSdFat.a(ExFatPartition.cpp.o)
                0x00000000000030b8                ExFatPartition::freeChain(unsigned long)
 .text._ZN14ExFatPartition16freeClusterCountEv
                0x0000000000003174       0x6c .pio/build/teensy35/lib5c6/libSdFat.a(ExFatPartition.cpp.o)
                0x0000000000003174                ExFatPartition::freeClusterCount()
 .text._ZN14ExFatPartition4initEP22FsBlockDeviceInterfaceh
                0x00000000000031e0       0xe0 .pio/build/teensy35/lib5c6/libSdFat.a(ExFatPartition.cpp.o)
                0x00000000000031e0                ExFatPartition::init(FsBlockDeviceInterface*, unsigned char)
 .text._ZN14ExFatPartition10rootLengthEv
                0x00000000000032c0       0x18 .pio/build/teensy35/lib5c6/libSdFat.a(ExFatPartition.cpp.o)
                0x00000000000032c0                ExFatPartition::rootLength()
 .text._ZN7FatFile4syncEv.part.0
                0x00000000000032d8       0xb4 .pio/build/teensy35/lib5c6/libSdFat.a(FatFile.cpp.o)
 .text._ZN7FatFile10addClusterEv
                0x000000000000338c       0x34 .pio/build/teensy35/lib5c6/libSdFat.a(FatFile.cpp.o)
                0x000000000000338c                FatFile::addCluster()
 .text._ZN7FatFile13addDirClusterEv
                0x00000000000033c0       0x78 .pio/build/teensy35/lib5c6/libSdFat.a(FatFile.cpp.o)
                0x00000000000033c0                FatFile::addDirCluster()
 .text._ZN7FatFile13cacheDirEntryEh
                0x0000000000003438       0x20 .pio/build/teensy35/lib5c6/libSdFat.a(FatFile.cpp.o)
                0x0000000000003438                FatFile::cacheDirEntry(unsigned char)
 .text._ZN7FatFile5closeEv
                0x0000000000003458       0x20 .pio/build/teensy35/lib5c6/libSdFat.a(FatFile.cpp.o)
                0x0000000000003458                FatFile::close()
 .text._ZN7FatFile8dirEntryEP8DirFat_t
                0x0000000000003478       0x38 .pio/build/teensy35/lib5c6/libSdFat.a(FatFile.cpp.o)
                0x0000000000003478                FatFile::dirEntry(DirFat_t*)
 .text._ZN7FatFile17getCreateDateTimeEPtS0_
                0x00000000000034b0       0x20 .pio/build/teensy35/lib5c6/libSdFat.a(FatFile.cpp.o)
                0x00000000000034b0                FatFile::getCreateDateTime(unsigned short*, unsigned short*)
 .text._ZN7FatFile17getModifyDateTimeEPtS0_
                0x00000000000034d0       0x20 .pio/build/teensy35/lib5c6/libSdFat.a(FatFile.cpp.o)
                0x00000000000034d0                FatFile::getModifyDateTime(unsigned short*, unsigned short*)
 .text._ZN7FatFile5mkdirEPS_P8FatLfn_t
                0x00000000000034f0       0xf8 .pio/build/teensy35/lib5c6/libSdFat.a(FatFile.cpp.o)
                0x00000000000034f0                FatFile::mkdir(FatFile*, FatLfn_t*)
 .text._ZN7FatFile5mkdirEPS_PKcb
                0x00000000000035e8       0xec .pio/build/teensy35/lib5c6/libSdFat.a(FatFile.cpp.o)
                0x00000000000035e8                FatFile::mkdir(FatFile*, char const*, bool)
 .text._ZN7FatFile4openEPS_PKci
                0x00000000000036d4      0x104 .pio/build/teensy35/lib5c6/libSdFat.a(FatFile.cpp.o)
                0x00000000000036d4                FatFile::open(FatFile*, char const*, int)
 .text._ZN7FatFile4openEP9FatVolumePKci
                0x00000000000037d8       0x10 .pio/build/teensy35/lib5c6/libSdFat.a(FatFile.cpp.o)
                0x00000000000037d8                FatFile::open(FatVolume*, char const*, int)
 .text._ZN7FatFile11openClusterEPS_
                0x00000000000037e8       0x5c .pio/build/teensy35/lib5c6/libSdFat.a(FatFile.cpp.o)
                0x00000000000037e8                FatFile::openCluster(FatFile*)
 .text._ZN7FatFile8openRootEP9FatVolume
                0x0000000000003844       0x3c .pio/build/teensy35/lib5c6/libSdFat.a(FatFile.cpp.o)
                0x0000000000003844                FatFile::openRoot(FatVolume*)
 .text._ZN7FatFile4readEPvj
                0x0000000000003880      0x1ac .pio/build/teensy35/lib5c6/libSdFat.a(FatFile.cpp.o)
                0x0000000000003880                FatFile::read(void*, unsigned int)
 .text._ZN7FatFile4peekEv
                0x0000000000003a2c       0x2c .pio/build/teensy35/lib5c6/libSdFat.a(FatFile.cpp.o)
                0x0000000000003a2c                FatFile::peek()
 .text._ZN7FatFile12readDirCacheEb
                0x0000000000003a58       0x44 .pio/build/teensy35/lib5c6/libSdFat.a(FatFile.cpp.o)
                0x0000000000003a58                FatFile::readDirCache(bool)
 .text._ZN7FatFile6renameEPS_PKc
                0x0000000000003a9c      0x178 .pio/build/teensy35/lib5c6/libSdFat.a(FatFile.cpp.o)
                0x0000000000003a9c                FatFile::rename(FatFile*, char const*)
 .text._ZN7FatFile5rmdirEv
                0x0000000000003c14       0x90 .pio/build/teensy35/lib5c6/libSdFat.a(FatFile.cpp.o)
                0x0000000000003c14                FatFile::rmdir()
 .text._ZN7FatFile7seekSetEm
                0x0000000000003ca4       0xb0 .pio/build/teensy35/lib5c6/libSdFat.a(FatFile.cpp.o)
                0x0000000000003ca4                FatFile::seekSet(unsigned long)
 .text._ZN7FatFile15openCachedEntryEPS_tih
                0x0000000000003d54       0xe0 .pio/build/teensy35/lib5c6/libSdFat.a(FatFile.cpp.o)
                0x0000000000003d54                FatFile::openCachedEntry(FatFile*, unsigned short, int, unsigned char)
 .text._ZN7FatFile8openNextEPS_i
                0x0000000000003e34       0xbc .pio/build/teensy35/lib5c6/libSdFat.a(FatFile.cpp.o)
                0x0000000000003e34                FatFile::openNext(FatFile*, int)
 .text._ZN7FatFile4syncEv
                0x0000000000003ef0        0xc .pio/build/teensy35/lib5c6/libSdFat.a(FatFile.cpp.o)
                0x0000000000003ef0                FatFile::sync()
 .text._ZN7FatFile9timestampEhthhhhh
                0x0000000000003efc       0xd8 .pio/build/teensy35/lib5c6/libSdFat.a(FatFile.cpp.o)
                0x0000000000003efc                FatFile::timestamp(unsigned char, unsigned short, unsigned char, unsigned char, unsigned char, unsigned char, unsigned char)
 .text._ZN7FatFile8truncateEv
                0x0000000000003fd4       0x74 .pio/build/teensy35/lib5c6/libSdFat.a(FatFile.cpp.o)
                0x0000000000003fd4                FatFile::truncate()
 .text._ZN7FatFile5writeEPKvj
                0x0000000000004048      0x1cc .pio/build/teensy35/lib5c6/libSdFat.a(FatFile.cpp.o)
                0x0000000000004048                FatFile::write(void const*, unsigned int)
 .text._ZN7FatFile7cmpNameEtP8FatLfn_th
                0x0000000000004214       0xbc .pio/build/teensy35/lib5c6/libSdFat.a(FatFileLFN.cpp.o)
                0x0000000000004214                FatFile::cmpName(unsigned short, FatLfn_t*, unsigned char)
 .text._ZN7FatFile9createLFNEtP8FatLfn_th
                0x00000000000042d0      0x11c .pio/build/teensy35/lib5c6/libSdFat.a(FatFileLFN.cpp.o)
                0x00000000000042d0                FatFile::createLFN(unsigned short, FatLfn_t*, unsigned char)
 .text._ZN7FatFile7makeSFNEP8FatLfn_t
                0x00000000000043ec      0x148 .pio/build/teensy35/lib5c6/libSdFat.a(FatFileLFN.cpp.o)
                0x00000000000043ec                FatFile::makeSFN(FatLfn_t*)
 .text._ZN7FatFile13makeUniqueSfnEP8FatLfn_t
                0x0000000000004534       0xbc .pio/build/teensy35/lib5c6/libSdFat.a(FatFileLFN.cpp.o)
                0x0000000000004534                FatFile::makeUniqueSfn(FatLfn_t*)
 .text._ZN7FatFile4openEPS_P8FatLfn_ti
                0x00000000000045f0      0x290 .pio/build/teensy35/lib5c6/libSdFat.a(FatFileLFN.cpp.o)
                0x00000000000045f0                FatFile::open(FatFile*, FatLfn_t*, int)
 .text._ZN7FatFile13parsePathNameEPKcP8FatLfn_tPS1_
                0x0000000000004880       0xcc .pio/build/teensy35/lib5c6/libSdFat.a(FatFileLFN.cpp.o)
                0x0000000000004880                FatFile::parsePathName(char const*, FatLfn_t*, char const**)
 .text._ZN7FatFile6removeEv
                0x000000000000494c      0x110 .pio/build/teensy35/lib5c6/libSdFat.a(FatFileLFN.cpp.o)
                0x000000000000494c                FatFile::remove()
 .text._ZN7FatFile10getLfnCharEP8DirLfn_th
                0x0000000000004a5c       0x28 .pio/build/teensy35/lib5c6/libSdFat.a(FatName.cpp.o)
                0x0000000000004a5c                FatFile::getLfnChar(DirLfn_t*, unsigned char)
 .text._ZN7FatFile6getSFNEPcj
                0x0000000000004a84       0x94 .pio/build/teensy35/lib5c6/libSdFat.a(FatName.cpp.o)
                0x0000000000004a84                FatFile::getSFN(char*, unsigned int)
 .text._ZN7FatFile8getName8EPcj
                0x0000000000004b18      0x110 .pio/build/teensy35/lib5c6/libSdFat.a(FatName.cpp.o)
                0x0000000000004b18                FatFile::getName8(char*, unsigned int)
 .text._ZN7FatFile7getNameEPcj
                0x0000000000004c28        0x4 .pio/build/teensy35/lib5c6/libSdFat.a(FatName.cpp.o)
                0x0000000000004c28                FatFile::getName(char*, unsigned int)
 .text._ZN22FsBlockDeviceInterface19readSectorsCallbackEmPhjPFvmS0_PvES1_
                0x0000000000004c2c       0x44 .pio/build/teensy35/lib5c6/libSdFat.a(FatPartition.cpp.o)
                0x0000000000004c2c                FsBlockDeviceInterface::readSectorsCallback(unsigned long, unsigned char*, unsigned int, void (*)(unsigned long, unsigned char*, void*), void*)
 .text._ZN12FatPartition25freeClusterCount_cb_fat16EmPhPv
                0x0000000000004c70       0x34 .pio/build/teensy35/lib5c6/libSdFat.a(FatPartition.cpp.o)
                0x0000000000004c70                FatPartition::freeClusterCount_cb_fat16(unsigned long, unsigned char*, void*)
 .text._ZN12FatPartition25freeClusterCount_cb_fat32EmPhPv
                0x0000000000004ca4       0x34 .pio/build/teensy35/lib5c6/libSdFat.a(FatPartition.cpp.o)
                0x0000000000004ca4                FatPartition::freeClusterCount_cb_fat32(unsigned long, unsigned char*, void*)
 .text._ZN12FatPartition6fatGetEmPm.part.0
                0x0000000000004cd8       0xf0 .pio/build/teensy35/lib5c6/libSdFat.a(FatPartition.cpp.o)
 .text._ZN12FatPartition6fatPutEmm.part.0
                0x0000000000004dc8      0x10c .pio/build/teensy35/lib5c6/libSdFat.a(FatPartition.cpp.o)
 .text._ZN12FatPartition15allocateClusterEmPm
                0x0000000000004ed4       0x98 .pio/build/teensy35/lib5c6/libSdFat.a(FatPartition.cpp.o)
                0x0000000000004ed4                FatPartition::allocateCluster(unsigned long, unsigned long*)
 .text._ZN12FatPartition6fatGetEmPm
                0x0000000000004f6c       0x24 .pio/build/teensy35/lib5c6/libSdFat.a(FatPartition.cpp.o)
                0x0000000000004f6c                FatPartition::fatGet(unsigned long, unsigned long*)
 .text._ZN12FatPartition6fatPutEmm
                0x0000000000004f90       0x20 .pio/build/teensy35/lib5c6/libSdFat.a(FatPartition.cpp.o)
                0x0000000000004f90                FatPartition::fatPut(unsigned long, unsigned long)
 .text._ZN12FatPartition9freeChainEm
                0x0000000000004fb0       0x58 .pio/build/teensy35/lib5c6/libSdFat.a(FatPartition.cpp.o)
                0x0000000000004fb0                FatPartition::freeChain(unsigned long)
 .text._ZN12FatPartition16freeClusterCountEv
                0x0000000000005008      0x1b8 .pio/build/teensy35/lib5c6/libSdFat.a(FatPartition.cpp.o)
                0x0000000000005008                FatPartition::freeClusterCount()
 .text._ZN12FatPartition4initEP22FsBlockDeviceInterfaceh
                0x00000000000051c0      0x120 .pio/build/teensy35/lib5c6/libSdFat.a(FatPartition.cpp.o)
                0x00000000000051c0                FatPartition::init(FsBlockDeviceInterface*, unsigned char)
 .text._ZN10FsBaseFileC2ERKS_
                0x00000000000052e0       0x5c .pio/build/teensy35/lib5c6/libSdFat.a(FsFile.cpp.o)
                0x00000000000052e0                FsBaseFile::FsBaseFile(FsBaseFile const&)
                0x00000000000052e0                FsBaseFile::FsBaseFile(FsBaseFile const&)
 .text._ZN10FsBaseFile5closeEv
                0x000000000000533c       0x28 .pio/build/teensy35/lib5c6/libSdFat.a(FsFile.cpp.o)
                0x000000000000533c                FsBaseFile::close()
 .text._ZN10FsBaseFile4openEP8FsVolumePKci
                0x0000000000005364       0xb0 .pio/build/teensy35/lib5c6/libSdFat.a(FsFile.cpp.o)
                0x0000000000005364                FsBaseFile::open(FsVolume*, char const*, int)
 .text._ZN10FsBaseFile8openNextEPS_i
                0x0000000000005414       0x74 .pio/build/teensy35/lib5c6/libSdFat.a(FsFile.cpp.o)
                0x0000000000005414                FsBaseFile::openNext(FsBaseFile*, int)
 .text._ZnwjPm  0x0000000000005488        0x4 .pio/build/teensy35/lib5c6/libSdFat.a(FsNew.cpp.o)
                0x0000000000005488                operator new(unsigned int, unsigned long*)
 .text._ZN8FsVolume5beginEP22FsBlockDeviceInterfacebh
                0x000000000000548c       0xe0 .pio/build/teensy35/lib5c6/libSdFat.a(FsVolume.cpp.o)
                0x000000000000548c                FsVolume::begin(FsBlockDeviceInterface*, bool, unsigned char)
 .text._ZN8FsVolume4openEPKci
                0x000000000000556c       0x3c .pio/build/teensy35/lib5c6/libSdFat.a(FsVolume.cpp.o)
                0x000000000000556c                FsVolume::open(char const*, int)
 .text._ZN7FsCache4syncEv
                0x00000000000055a8       0x58 .pio/build/teensy35/lib5c6/libSdFat.a(FsCache.cpp.o)
                0x00000000000055a8                FsCache::sync()
 .text._ZN7FsCache7prepareEmh
                0x0000000000005600       0x50 .pio/build/teensy35/lib5c6/libSdFat.a(FsCache.cpp.o)
                0x0000000000005600                FsCache::prepare(unsigned long, unsigned char)
 .text._ZL12dateTimeMs10PtS_Ph
                0x0000000000005650       0x14 .pio/build/teensy35/lib5c6/libSdFat.a(FsDateTime.cpp.o)
 .text._ZN10FsDateTime11setCallbackEPFvPtS0_E
                0x0000000000005664       0x18 .pio/build/teensy35/lib5c6/libSdFat.a(FsDateTime.cpp.o)
                0x0000000000005664                FsDateTime::setCallback(void (*)(unsigned short*, unsigned short*))
 .text._ZN6FsName5get16Ev
                0x000000000000567c       0x4c .pio/build/teensy35/lib5c6/libSdFat.a(FsName.cpp.o)
                0x000000000000567c                FsName::get16()
 .text._ZN5FsUtf6cpToMbEmPcS0_
                0x00000000000056c8       0xa4 .pio/build/teensy35/lib5c6/libSdFat.a(FsUtf.cpp.o)
                0x00000000000056c8                FsUtf::cpToMb(unsigned long, char*, char*)
 .text._ZN5FsUtf6mbToCpEPKcS1_Pm
                0x000000000000576c       0x94 .pio/build/teensy35/lib5c6/libSdFat.a(FsUtf.cpp.o)
                0x000000000000576c                FsUtf::mbToCp(char const*, char const*, unsigned long*)
 .text._Z8toUpcaset
                0x0000000000005800       0xb8 .pio/build/teensy35/lib5c6/libSdFat.a(upcase.cpp.o)
                0x0000000000005800                toUpcase(unsigned short)
 .text._ZN7SDClassD2Ev
                0x00000000000058b8        0x4 .pio/build/teensy35/libb73/libSD.a(SD.cpp.o)
                0x00000000000058b8                SDClass::~SDClass()
                0x00000000000058b8                SDClass::~SDClass()
 .text._ZN7SDClass8dateTimeEPtS0_
                0x00000000000058bc       0x84 .pio/build/teensy35/libb73/libSD.a(SD.cpp.o)
                0x00000000000058bc                SDClass::dateTime(unsigned short*, unsigned short*)
 .text._ZN7SDClass5rmdirEPKc
                0x0000000000005940       0x54 .pio/build/teensy35/libb73/libSD.a(SD.cpp.o)
                0x0000000000005940                SDClass::rmdir(char const*)
 .text._ZN7SDClass6renameEPKcS1_
                0x0000000000005994       0x64 .pio/build/teensy35/libb73/libSD.a(SD.cpp.o)
                0x0000000000005994                SDClass::rename(char const*, char const*)
 .text._ZN7SDClass6removeEPKc
                0x00000000000059f8       0x54 .pio/build/teensy35/libb73/libSD.a(SD.cpp.o)
                0x00000000000059f8                SDClass::remove(char const*)
 .text._ZN7SDClass5mkdirEPKc
                0x0000000000005a4c       0x3c .pio/build/teensy35/libb73/libSD.a(SD.cpp.o)
                0x0000000000005a4c                SDClass::mkdir(char const*)
 .text._ZN7SDClass6existsEPKc
                0x0000000000005a88       0x38 .pio/build/teensy35/libb73/libSD.a(SD.cpp.o)
                0x0000000000005a88                SDClass::exists(char const*)
 .text._ZN7SDClass4openEPKch
                0x0000000000005ac0       0xd8 .pio/build/teensy35/libb73/libSD.a(SD.cpp.o)
                0x0000000000005ac0                SDClass::open(char const*, unsigned char)
 .text._ZN7SDClass8usedSizeEv
                0x0000000000005b98       0xf0 .pio/build/teensy35/libb73/libSD.a(SD.cpp.o)
                0x0000000000005b98                SDClass::usedSize()
 .text._ZN7SDClass9totalSizeEv
                0x0000000000005c88       0x3c .pio/build/teensy35/libb73/libSD.a(SD.cpp.o)
                0x0000000000005c88                SDClass::totalSize()
 .text._ZN7SDClass6formatEicR5Print
                0x0000000000005cc4       0xe0 .pio/build/teensy35/libb73/libSD.a(SD.cpp.o)
                0x0000000000005cc4                SDClass::format(int, char, Print&)
 .text._ZN7SDClass12mediaPresentEv
                0x0000000000005da4       0xf4 .pio/build/teensy35/libb73/libSD.a(SD.cpp.o)
                0x0000000000005da4                SDClass::mediaPresent()
 .text._ZN7SDClass5beginEh
                0x0000000000005e98       0xb4 .pio/build/teensy35/libb73/libSD.a(SD.cpp.o)
                0x0000000000005e98                SDClass::begin(unsigned char)
 .text.startup._GLOBAL__sub_I_SD
                0x0000000000005f4c       0x78 .pio/build/teensy35/libb73/libSD.a(SD.cpp.o)
 .text._ZN5Print5writeEPKhj
                0x0000000000005fc4       0x30 .pio/build/teensy35/libFrameworkArduino.a(Print.cpp.o)
                0x0000000000005fc4                Print::write(unsigned char const*, unsigned int)
 .text._ZN5Print7printlnEv
                0x0000000000005ff4       0x1c .pio/build/teensy35/libFrameworkArduino.a(Print.cpp.o)
                0x0000000000005ff4                Print::println()
 .text._write   0x0000000000006010       0x14 .pio/build/teensy35/libFrameworkArduino.a(Print.cpp.o)
                0x0000000000006010                _write
 .text._Z9breakTimemR14DateTimeFields
                0x0000000000006024      0x16c .pio/build/teensy35/libFrameworkArduino.a(Time.cpp.o)
                0x0000000000006024                breakTime(unsigned long, DateTimeFields&)
 .text._ZN6StringC2EPKc
                0x0000000000006190       0x3c .pio/build/teensy35/libFrameworkArduino.a(WString.cpp.o)
                0x0000000000006190                String::String(char const*)
                0x0000000000006190                String::String(char const*)
 .text._ZN6StringC2ERKS_
                0x00000000000061cc       0x38 .pio/build/teensy35/libFrameworkArduino.a(WString.cpp.o)
                0x00000000000061cc                String::String(String const&)
                0x00000000000061cc                String::String(String const&)
 .text._ZN6StringD2Ev
                0x0000000000006204       0x10 .pio/build/teensy35/libFrameworkArduino.a(WString.cpp.o)
                0x0000000000006204                String::~String()
                0x0000000000006204                String::~String()
 .text._ZN6String4copyEPKcj
                0x0000000000006214       0x68 .pio/build/teensy35/libFrameworkArduino.a(WString.cpp.o)
                0x0000000000006214                String::copy(char const*, unsigned int)
 .text._ZN6StringC2Eih
                0x000000000000627c       0x2c .pio/build/teensy35/libFrameworkArduino.a(WString.cpp.o)
                0x000000000000627c                String::String(int, unsigned char)
                0x000000000000627c                String::String(int, unsigned char)
 .text._ZN6String6appendEPKcj
                0x00000000000062a8       0x80 .pio/build/teensy35/libFrameworkArduino.a(WString.cpp.o)
                0x00000000000062a8                String::append(char const*, unsigned int)
 .text._ZplRK15StringSumHelperRK6String
                0x0000000000006328       0x10 .pio/build/teensy35/libFrameworkArduino.a(WString.cpp.o)
                0x0000000000006328                operator+(StringSumHelper const&, String const&)
 .text._ZplRK15StringSumHelperPKc
                0x0000000000006338       0x1c .pio/build/teensy35/libFrameworkArduino.a(WString.cpp.o)
                0x0000000000006338                operator+(StringSumHelper const&, char const*)
 .text.eeprom_initialize
                0x0000000000006354       0x6c .pio/build/teensy35/libFrameworkArduino.a(eeprom.c.o)
                0x0000000000006354                eeprom_initialize
 .text.eeprom_write_byte
                0x00000000000063c0       0x4c .pio/build/teensy35/libFrameworkArduino.a(eeprom.c.o)
                0x00000000000063c0                eeprom_write_byte
 .text.eeprom_write_block
                0x000000000000640c      0x108 .pio/build/teensy35/libFrameworkArduino.a(eeprom.c.o)
                0x000000000000640c                eeprom_write_block
 .text.startup.main
                0x0000000000006514       0x10 .pio/build/teensy35/libFrameworkArduino.a(main.cpp.o)
                0x0000000000006514                main
 .text          0x0000000000006524      0x1a8 .pio/build/teensy35/libFrameworkArduino.a(memcpy-armv7m.S.o)
                0x0000000000006524                memcpy
 .text.fault_isr
                0x00000000000066cc       0x44 .pio/build/teensy35/libFrameworkArduino.a(mk20dx128.c.o)
                0x00000000000066cc                hard_fault_isr
                0x00000000000066cc                bus_fault_isr
                0x00000000000066cc                usage_fault_isr
                0x00000000000066cc                fault_isr
                0x00000000000066cc                memmanage_fault_isr
 .text.unused_isr
                0x0000000000006710        0x8 .pio/build/teensy35/libFrameworkArduino.a(mk20dx128.c.o)
                0x0000000000006710                enet_tx_isr
                0x0000000000006710                dma_ch6_isr
                0x0000000000006710                uart0_lon_isr
                0x0000000000006710                dma_ch8_isr
                0x0000000000006710                portcd_isr
                0x0000000000006710                can1_rx_warn_isr
                0x0000000000006710                dma_error_isr
                0x0000000000006710                i2c0_isr
                0x0000000000006710                portd_isr
                0x0000000000006710                enet_error_isr
                0x0000000000006710                tpm1_isr
                0x0000000000006710                porte_isr
                0x0000000000006710                portb_isr
                0x0000000000006710                spi1_isr
                0x0000000000006710                uart3_status_isr
                0x0000000000006710                mcm_isr
                0x0000000000006710                uart1_status_isr
                0x0000000000006710                randnum_isr
                0x0000000000006710                watchdog_isr
                0x0000000000006710                i2c1_isr
                0x0000000000006710                dma_ch11_isr
                0x0000000000006710                i2c2_isr
                0x0000000000006710                pit1_isr
                0x0000000000006710                dma_ch4_isr
                0x0000000000006710                software_isr
                0x0000000000006710                dma_ch7_isr
                0x0000000000006710                lptmr_isr
                0x0000000000006710                can1_bus_off_isr
                0x0000000000006710                ftm2_isr
                0x0000000000006710                uart5_status_isr
                0x0000000000006710                lpuart0_status_isr
                0x0000000000006710                dma_ch9_isr
                0x0000000000006710                pit2_isr
                0x0000000000006710                i2c3_isr
                0x0000000000006710                pit0_isr
                0x0000000000006710                can1_error_isr
                0x0000000000006710                can0_wakeup_isr
                0x0000000000006710                flash_cmd_isr
                0x0000000000006710                uart2_status_isr
                0x0000000000006710                svcall_isr
                0x0000000000006710                dma_ch15_isr
                0x0000000000006710                uart1_error_isr
                0x0000000000006710                usbhs_phy_isr
                0x0000000000006710                unused_isr
                0x0000000000006710                spi0_isr
                0x0000000000006710                dma_ch3_isr
                0x0000000000006710                flash_error_isr
                0x0000000000006710                uart5_error_isr
                0x0000000000006710                rtc_seconds_isr
                0x0000000000006710                pdb_isr
                0x0000000000006710                dac1_isr
                0x0000000000006710                dma_ch14_isr
                0x0000000000006710                rtc_alarm_isr
                0x0000000000006710                dma_ch2_isr
                0x0000000000006710                ftm1_isr
                0x0000000000006710                dma_ch13_isr
                0x0000000000006710                uart2_error_isr
                0x0000000000006710                usb_charge_isr
                0x0000000000006710                cmt_isr
                0x0000000000006710                usbhs_isr
                0x0000000000006710                ftm3_isr
                0x0000000000006710                tsi0_isr
                0x0000000000006710                spi2_isr
                0x0000000000006710                can0_bus_off_isr
                0x0000000000006710                uart3_error_isr
                0x0000000000006710                porta_isr
                0x0000000000006710                low_voltage_isr
                0x0000000000006710                can0_error_isr
                0x0000000000006710                dma_ch12_isr
                0x0000000000006710                can1_wakeup_isr
                0x0000000000006710                pit3_isr
                0x0000000000006710                enet_rx_isr
                0x0000000000006710                portc_isr
                0x0000000000006710                debugmonitor_isr
                0x0000000000006710                cmp1_isr
                0x0000000000006710                ftm0_isr
                0x0000000000006710                tpm0_isr
                0x0000000000006710                i2s0_rx_isr
                0x0000000000006710                uart4_error_isr
                0x0000000000006710                can0_message_isr
                0x0000000000006710                can1_message_isr
                0x0000000000006710                nmi_isr
                0x0000000000006710                sdhc_isr
                0x0000000000006710                dma_ch10_isr
                0x0000000000006710                uart0_error_isr
                0x0000000000006710                i2s0_isr
                0x0000000000006710                enet_timer_isr
                0x0000000000006710                i2s0_tx_isr
                0x0000000000006710                adc1_isr
                0x0000000000006710                cmp0_isr
                0x0000000000006710                pit_isr
                0x0000000000006710                dac0_isr
                0x0000000000006710                can1_tx_warn_isr
                0x0000000000006710                uart0_status_isr
                0x0000000000006710                mcg_isr
                0x0000000000006710                dma_ch1_isr
                0x0000000000006710                dma_ch5_isr
                0x0000000000006710                can0_rx_warn_isr
                0x0000000000006710                can0_tx_warn_isr
                0x0000000000006710                uart4_status_isr
                0x0000000000006710                cmp2_isr
                0x0000000000006710                wakeup_isr
                0x0000000000006710                cmp3_isr
                0x0000000000006710                tpm2_isr
                0x0000000000006710                dma_ch0_isr
                0x0000000000006710                adc0_isr
 .text.startup_default_early_hook
                0x0000000000006718        0xc .pio/build/teensy35/libFrameworkArduino.a(mk20dx128.c.o)
                0x0000000000006718                startup_early_hook
 .text.startup_default_late_hook
                0x0000000000006724        0x4 .pio/build/teensy35/libFrameworkArduino.a(mk20dx128.c.o)
                0x0000000000006724                startup_late_hook
 .text._sbrk    0x0000000000006728       0x34 .pio/build/teensy35/libFrameworkArduino.a(mk20dx128.c.o)
                0x0000000000006728                _sbrk
 .text._read    0x000000000000675c        0x4 .pio/build/teensy35/libFrameworkArduino.a(mk20dx128.c.o)
                0x000000000000675c                _read
 .text._close   0x0000000000006760        0x8 .pio/build/teensy35/libFrameworkArduino.a(mk20dx128.c.o)
                0x0000000000006760                _close
 .text._fstat   0x0000000000006768        0xc .pio/build/teensy35/libFrameworkArduino.a(mk20dx128.c.o)
                0x0000000000006768                _fstat
 .text._isatty  0x0000000000006774        0x4 .pio/build/teensy35/libFrameworkArduino.a(mk20dx128.c.o)
                0x0000000000006774                _isatty
 .text._lseek   0x0000000000006778        0x8 .pio/build/teensy35/libFrameworkArduino.a(mk20dx128.c.o)
                0x0000000000006778                _lseek
 .text.__cxa_pure_virtual
                0x0000000000006780        0x4 .pio/build/teensy35/libFrameworkArduino.a(mk20dx128.c.o)
                0x0000000000006780                __cxa_pure_virtual
 .text.unlikely.abort
                0x0000000000006784        0x2 .pio/build/teensy35/libFrameworkArduino.a(mk20dx128.c.o)
                0x0000000000006784                abort
 *fill*         0x0000000000006786        0x2 ff
 .text._Znwj    0x0000000000006788        0x4 .pio/build/teensy35/libFrameworkArduino.a(new.cpp.o)
                0x0000000000006788                operator new(unsigned int)
 .text._ZdlPvj  0x000000000000678c        0x4 .pio/build/teensy35/libFrameworkArduino.a(new.cpp.o)
                0x000000000000678c                operator delete(void*, unsigned int)
 .text.ultoa    0x0000000000006790       0x5c .pio/build/teensy35/libFrameworkArduino.a(nonstd.c.o)
                0x0000000000006790                ultoa
 .text.attachInterruptVector
                0x00000000000067ec       0x10 .pio/build/teensy35/libFrameworkArduino.a(pins_teensy.c.o)
                0x00000000000067ec                attachInterruptVector
 .text.rtc_get  0x00000000000067fc        0xc .pio/build/teensy35/libFrameworkArduino.a(pins_teensy.c.o)
                0x00000000000067fc                rtc_get
 .text.rtc_set  0x0000000000006808       0x14 .pio/build/teensy35/libFrameworkArduino.a(pins_teensy.c.o)
                0x0000000000006808                rtc_set
 .text.startup_default_middle_hook
                0x000000000000681c        0x4 .pio/build/teensy35/libFrameworkArduino.a(pins_teensy.c.o)
                0x000000000000681c                startup_middle_hook
 .text._init_Teensyduino_internal_
                0x0000000000006820       0xc4 .pio/build/teensy35/libFrameworkArduino.a(pins_teensy.c.o)
                0x0000000000006820                _init_Teensyduino_internal_
 .text.digitalWrite
                0x00000000000068e4       0x54 .pio/build/teensy35/libFrameworkArduino.a(pins_teensy.c.o)
                0x00000000000068e4                digitalWrite
 .text.digitalRead
                0x0000000000006938       0x1c .pio/build/teensy35/libFrameworkArduino.a(pins_teensy.c.o)
                0x0000000000006938                digitalRead
 .text.pinMode  0x0000000000006954       0x78 .pio/build/teensy35/libFrameworkArduino.a(pins_teensy.c.o)
                0x0000000000006954                pinMode
 .text.micros   0x00000000000069cc       0x40 .pio/build/teensy35/libFrameworkArduino.a(pins_teensy.c.o)
                0x00000000000069cc                micros
 .text.delay    0x0000000000006a0c       0x94 .pio/build/teensy35/libFrameworkArduino.a(pins_teensy.c.o)
                0x0000000000006a0c                delay
 .text.usb_rx   0x0000000000006aa0       0x40 .pio/build/teensy35/libFrameworkArduino.a(usb_dev.c.o)
                0x0000000000006aa0                usb_rx
 .text.usb_tx_packet_count
                0x0000000000006ae0       0x2c .pio/build/teensy35/libFrameworkArduino.a(usb_dev.c.o)
                0x0000000000006ae0                usb_tx_packet_count
 .text.usb_rx_memory
                0x0000000000006b0c       0x84 .pio/build/teensy35/libFrameworkArduino.a(usb_dev.c.o)
                0x0000000000006b0c                usb_rx_memory
 .text.usb_tx   0x0000000000006b90       0x88 .pio/build/teensy35/libFrameworkArduino.a(usb_dev.c.o)
                0x0000000000006b90                usb_tx
 .text.usb_isr  0x0000000000006c18      0x774 .pio/build/teensy35/libFrameworkArduino.a(usb_dev.c.o)
                0x0000000000006c18                usb_isr
 .text.usb_init
                0x000000000000738c       0x9c .pio/build/teensy35/libFrameworkArduino.a(usb_dev.c.o)
                0x000000000000738c                usb_init
 .text._ZN16usb_serial_class5clearEv
                0x0000000000007428        0x4 .pio/build/teensy35/libFrameworkArduino.a(usb_inst.cpp.o)
                0x0000000000007428                usb_serial_class::clear()
 .text._ZN16usb_serial_class4peekEv
                0x000000000000742c        0x4 .pio/build/teensy35/libFrameworkArduino.a(usb_inst.cpp.o)
                0x000000000000742c                usb_serial_class::peek()
 .text._ZN16usb_serial_class4readEv
                0x0000000000007430        0x4 .pio/build/teensy35/libFrameworkArduino.a(usb_inst.cpp.o)
                0x0000000000007430                usb_serial_class::read()
 .text._ZN16usb_serial_class9availableEv
                0x0000000000007434        0x4 .pio/build/teensy35/libFrameworkArduino.a(usb_inst.cpp.o)
                0x0000000000007434                usb_serial_class::available()
 .text._ZN16usb_serial_class5flushEv
                0x0000000000007438        0x4 .pio/build/teensy35/libFrameworkArduino.a(usb_inst.cpp.o)
                0x0000000000007438                usb_serial_class::flush()
 .text._ZN16usb_serial_class17availableForWriteEv
                0x000000000000743c        0x4 .pio/build/teensy35/libFrameworkArduino.a(usb_inst.cpp.o)
                0x000000000000743c                usb_serial_class::availableForWrite()
 .text._ZN16usb_serial_class5writeEPKhj
                0x0000000000007440        0x8 .pio/build/teensy35/libFrameworkArduino.a(usb_inst.cpp.o)
                0x0000000000007440                usb_serial_class::write(unsigned char const*, unsigned int)
 .text._ZN16usb_serial_class5writeEh
                0x0000000000007448        0x8 .pio/build/teensy35/libFrameworkArduino.a(usb_inst.cpp.o)
                0x0000000000007448                usb_serial_class::write(unsigned char)
 .text.usb_malloc
                0x0000000000007450       0x40 .pio/build/teensy35/libFrameworkArduino.a(usb_mem.c.o)
                0x0000000000007450                usb_malloc
 .text.usb_free
                0x0000000000007490       0x50 .pio/build/teensy35/libFrameworkArduino.a(usb_mem.c.o)
                0x0000000000007490                usb_free
 .text.usb_serial_getchar
                0x00000000000074e0       0x48 .pio/build/teensy35/libFrameworkArduino.a(usb_serial.c.o)
                0x00000000000074e0                usb_serial_getchar
 .text.usb_serial_peekchar
                0x0000000000007528       0x30 .pio/build/teensy35/libFrameworkArduino.a(usb_serial.c.o)
                0x0000000000007528                usb_serial_peekchar
 .text.usb_serial_available
                0x0000000000007558       0x2c .pio/build/teensy35/libFrameworkArduino.a(usb_serial.c.o)
                0x0000000000007558                usb_serial_available
 .text.usb_serial_flush_input
                0x0000000000007584       0x38 .pio/build/teensy35/libFrameworkArduino.a(usb_serial.c.o)
                0x0000000000007584                usb_serial_flush_input
 .text.usb_serial_write
                0x00000000000075bc      0x108 .pio/build/teensy35/libFrameworkArduino.a(usb_serial.c.o)
                0x00000000000075bc                usb_serial_write
 .text.usb_serial_putchar
                0x00000000000076c4       0x1c .pio/build/teensy35/libFrameworkArduino.a(usb_serial.c.o)
                0x00000000000076c4                usb_serial_putchar
 .text.usb_serial_write_buffer_free
                0x00000000000076e0       0x48 .pio/build/teensy35/libFrameworkArduino.a(usb_serial.c.o)
                0x00000000000076e0                usb_serial_write_buffer_free
 .text.usb_serial_flush_output
                0x0000000000007728       0x58 .pio/build/teensy35/libFrameworkArduino.a(usb_serial.c.o)
                0x0000000000007728                usb_serial_flush_output
 .text.usb_serial_flush_callback
                0x0000000000007780       0x48 .pio/build/teensy35/libFrameworkArduino.a(usb_serial.c.o)
                0x0000000000007780                usb_serial_flush_callback
 .text.yield    0x00000000000077c8       0xf0 .pio/build/teensy35/libFrameworkArduino.a(yield.cpp.o)
                0x00000000000077c8                yield
 .text._ZN14EventResponder24triggerEventNotImmediateEv
                0x00000000000078b8       0x84 .pio/build/teensy35/libFrameworkArduino.a(EventResponder.cpp.o)
                0x00000000000078b8                EventResponder::triggerEventNotImmediate()
 .text._ZN14EventResponder12triggerEventEiPv
                0x000000000000793c       0x18 .pio/build/teensy35/libFrameworkArduino.a(EventResponder.cpp.o)
                0x000000000000793c                EventResponder::triggerEvent(int, void*)
 .text._ZN14EventResponder16runFromInterruptEv
                0x0000000000007954       0x44 .pio/build/teensy35/libFrameworkArduino.a(EventResponder.cpp.o)
                0x0000000000007954                EventResponder::runFromInterrupt()
 .text.pendablesrvreq_isr
                0x0000000000007998        0x4 .pio/build/teensy35/libFrameworkArduino.a(EventResponder.cpp.o)
                0x0000000000007998                pendablesrvreq_isr
 .text.systick_isr
                0x000000000000799c       0x10 .pio/build/teensy35/libFrameworkArduino.a(EventResponder.cpp.o)
                0x000000000000799c                systick_isr
 .text.analog_init
                0x00000000000079ac       0xc8 .pio/build/teensy35/libFrameworkArduino.a(analog.c.o)
                0x00000000000079ac                analog_init
 .text._Z11serialEventv
                0x0000000000007a74        0x4 .pio/build/teensy35/libFrameworkArduino.a(serialEvent.cpp.o)
                0x0000000000007a74                serialEvent()
 .text.usb_init_serialnumber
                0x0000000000007a78       0x70 .pio/build/teensy35/libFrameworkArduino.a(usb_desc.c.o)
                0x0000000000007a78                usb_init_serialnumber
 .text.__aeabi_atexit
                0x0000000000007ae8        0xc /Users/omdeshmukh/.platformio/packages/toolchain-gccarmnoneeabi-teensy/bin/../lib/gcc/arm-none-eabi/11.3.1/../../../../arm-none-eabi/lib/thumb/v7e-m+fp/hard/libstdc++.a(atexit_arm.o)
                0x0000000000007ae8                __aeabi_atexit
 .text.__cxa_end_cleanup
                0x0000000000007af4        0xc /Users/omdeshmukh/.platformio/packages/toolchain-gccarmnoneeabi-teensy/bin/../lib/gcc/arm-none-eabi/11.3.1/../../../../arm-none-eabi/lib/thumb/v7e-m+fp/hard/libstdc++.a(eh_arm.o)
                0x0000000000007af4                __cxa_end_cleanup
 .text.__cxa_type_match
                0x0000000000007b00       0xb0 /Users/omdeshmukh/.platformio/packages/toolchain-gccarmnoneeabi-teensy/bin/../lib/gcc/arm-none-eabi/11.3.1/../../../../arm-none-eabi/lib/thumb/v7e-m+fp/hard/libstdc++.a(eh_arm.o)
                0x0000000000007b00                __cxa_type_match
 .text.__cxa_begin_cleanup
                0x0000000000007bb0       0x64 /Users/omdeshmukh/.platformio/packages/toolchain-gccarmnoneeabi-teensy/bin/../lib/gcc/arm-none-eabi/11.3.1/../../../../arm-none-eabi/lib/thumb/v7e-m+fp/hard/libstdc++.a(eh_arm.o)
                0x0000000000007bb0                __cxa_begin_cleanup
 .text.__gnu_end_cleanup
                0x0000000000007c14       0x70 /Users/omdeshmukh/.platformio/packages/toolchain-gccarmnoneeabi-teensy/bin/../lib/gcc/arm-none-eabi/11.3.1/../../../../arm-none-eabi/lib/thumb/v7e-m+fp/hard/libstdc++.a(eh_arm.o)
                0x0000000000007c14                __gnu_end_cleanup
 .text._ZNSt13bad_exceptionD2Ev
                0x0000000000007c84        0x4 /Users/omdeshmukh/.platformio/packages/toolchain-gccarmnoneeabi-teensy/bin/../lib/gcc/arm-none-eabi/11.3.1/../../../../arm-none-eabi/lib/thumb/v7e-m+fp/hard/libstdc++.a(eh_exception.o)
                0x0000000000007c84                std::bad_exception::~bad_exception()
                0x0000000000007c84                std::bad_exception::~bad_exception()
 .text._ZNKSt13bad_exception4whatEv
                0x0000000000007c88        0x8 /Users/omdeshmukh/.platformio/packages/toolchain-gccarmnoneeabi-teensy/bin/../lib/gcc/arm-none-eabi/11.3.1/../../../../arm-none-eabi/lib/thumb/v7e-m+fp/hard/libstdc++.a(eh_exception.o)
                0x0000000000007c88                transaction clone for std::bad_exception::what() const
                0x0000000000007c88                std::bad_exception::what() const
 .text._ZNSt13bad_exceptionD0Ev
                0x0000000000007c90       0x10 /Users/omdeshmukh/.platformio/packages/toolchain-gccarmnoneeabi-teensy/bin/../lib/gcc/arm-none-eabi/11.3.1/../../../../arm-none-eabi/lib/thumb/v7e-m+fp/hard/libstdc++.a(eh_exception.o)
                0x0000000000007c90                std::bad_exception::~bad_exception()
 .text.__cxa_get_globals_fast
                0x0000000000007ca0        0x8 /Users/omdeshmukh/.platformio/packages/toolchain-gccarmnoneeabi-teensy/bin/../lib/gcc/arm-none-eabi/11.3.1/../../../../arm-none-eabi/lib/thumb/v7e-m+fp/hard/libstdc++.a(eh_globals.o)
                0x0000000000007ca0                __cxa_get_globals_fast
 .text.__cxa_get_globals
                0x0000000000007ca8        0x8 /Users/omdeshmukh/.platformio/packages/toolchain-gccarmnoneeabi-teensy/bin/../lib/gcc/arm-none-eabi/11.3.1/../../../../arm-none-eabi/lib/thumb/v7e-m+fp/hard/libstdc++.a(eh_globals.o)
                0x0000000000007ca8                __cxa_get_globals
 .text._ZL28read_encoded_value_with_basehjPKhPj
                0x0000000000007cb0       0xc0 /Users/omdeshmukh/.platformio/packages/toolchain-gccarmnoneeabi-teensy/bin/../lib/gcc/arm-none-eabi/11.3.1/../../../../arm-none-eabi/lib/thumb/v7e-m+fp/hard/libstdc++.a(eh_personality.o)
 .text._ZL21base_of_encoded_valuehP15_Unwind_Context
                0x0000000000007d70       0x48 /Users/omdeshmukh/.platformio/packages/toolchain-gccarmnoneeabi-teensy/bin/../lib/gcc/arm-none-eabi/11.3.1/../../../../arm-none-eabi/lib/thumb/v7e-m+fp/hard/libstdc++.a(eh_personality.o)
 .text._ZL17parse_lsda_headerP15_Unwind_ContextPKhP16lsda_header_info
                0x0000000000007db8       0x90 /Users/omdeshmukh/.platformio/packages/toolchain-gccarmnoneeabi-teensy/bin/../lib/gcc/arm-none-eabi/11.3.1/../../../../arm-none-eabi/lib/thumb/v7e-m+fp/hard/libstdc++.a(eh_personality.o)
 .text.__gxx_personality_v0
                0x0000000000007e48      0x494 /Users/omdeshmukh/.platformio/packages/toolchain-gccarmnoneeabi-teensy/bin/../lib/gcc/arm-none-eabi/11.3.1/../../../../arm-none-eabi/lib/thumb/v7e-m+fp/hard/libstdc++.a(eh_personality.o)
                0x0000000000007e48                __gxx_personality_v0
 .text._ZN10__cxxabiv111__terminateEPFvvE
                0x00000000000082dc       0x10 /Users/omdeshmukh/.platformio/packages/toolchain-gccarmnoneeabi-teensy/bin/../lib/gcc/arm-none-eabi/11.3.1/../../../../arm-none-eabi/lib/thumb/v7e-m+fp/hard/libstdc++.a(eh_terminate.o)
                0x00000000000082dc                __cxxabiv1::__terminate(void (*)())
 .text._ZSt9terminatev
                0x00000000000082ec       0x14 /Users/omdeshmukh/.platformio/packages/toolchain-gccarmnoneeabi-teensy/bin/../lib/gcc/arm-none-eabi/11.3.1/../../../../arm-none-eabi/lib/thumb/v7e-m+fp/hard/libstdc++.a(eh_terminate.o)
                0x00000000000082ec                std::terminate()
 .text._ZN10__cxxabiv112__unexpectedEPFvvE
                0x0000000000008300        0x8 /Users/omdeshmukh/.platformio/packages/toolchain-gccarmnoneeabi-teensy/bin/../lib/gcc/arm-none-eabi/11.3.1/../../../../arm-none-eabi/lib/thumb/v7e-m+fp/hard/libstdc++.a(eh_terminate.o)
                0x0000000000008300                __cxxabiv1::__unexpected(void (*)())
 .text._ZSt10unexpectedv
                0x0000000000008308       0x14 /Users/omdeshmukh/.platformio/packages/toolchain-gccarmnoneeabi-teensy/bin/../lib/gcc/arm-none-eabi/11.3.1/../../../../arm-none-eabi/lib/thumb/v7e-m+fp/hard/libstdc++.a(eh_terminate.o)
                0x0000000000008308                std::unexpected()
 .text._ZSt13get_terminatev
                0x000000000000831c       0x10 /Users/omdeshmukh/.platformio/packages/toolchain-gccarmnoneeabi-teensy/bin/../lib/gcc/arm-none-eabi/11.3.1/../../../../arm-none-eabi/lib/thumb/v7e-m+fp/hard/libstdc++.a(eh_terminate.o)
                0x000000000000831c                std::get_terminate()
 .text._ZSt14get_unexpectedv
                0x000000000000832c       0x10 /Users/omdeshmukh/.platformio/packages/toolchain-gccarmnoneeabi-teensy/bin/../lib/gcc/arm-none-eabi/11.3.1/../../../../arm-none-eabi/lib/thumb/v7e-m+fp/hard/libstdc++.a(eh_terminate.o)
                0x000000000000832c                std::get_unexpected()
 .text._ZN10__cxxabiv120__si_class_type_infoD2Ev
                0x000000000000833c       0x14 /Users/omdeshmukh/.platformio/packages/toolchain-gccarmnoneeabi-teensy/bin/../lib/gcc/arm-none-eabi/11.3.1/../../../../arm-none-eabi/lib/thumb/v7e-m+fp/hard/libstdc++.a(si_class_type_info.o)
                0x000000000000833c                __cxxabiv1::__si_class_type_info::~__si_class_type_info()
                0x000000000000833c                __cxxabiv1::__si_class_type_info::~__si_class_type_info()
 .text._ZN10__cxxabiv120__si_class_type_infoD0Ev
                0x0000000000008350       0x1c /Users/omdeshmukh/.platformio/packages/toolchain-gccarmnoneeabi-teensy/bin/../lib/gcc/arm-none-eabi/11.3.1/../../../../arm-none-eabi/lib/thumb/v7e-m+fp/hard/libstdc++.a(si_class_type_info.o)
                0x0000000000008350                __cxxabiv1::__si_class_type_info::~__si_class_type_info()
 .text._ZNK10__cxxabiv120__si_class_type_info20__do_find_public_srcEiPKvPKNS_17__class_type_infoES2_
                0x000000000000836c       0x3c /Users/omdeshmukh/.platformio/packages/toolchain-gccarmnoneeabi-teensy/bin/../lib/gcc/arm-none-eabi/11.3.1/../../../../arm-none-eabi/lib/thumb/v7e-m+fp/hard/libstdc++.a(si_class_type_info.o)
                0x000000000000836c                __cxxabiv1::__si_class_type_info::__do_find_public_src(int, void const*, __cxxabiv1::__class_type_info const*, void const*) const
 .text._ZNK10__cxxabiv120__si_class_type_info12__do_dyncastEiNS_17__class_type_info10__sub_kindEPKS1_PKvS4_S6_RNS1_16__dyncast_resultE
                0x00000000000083a8       0x7c /Users/omdeshmukh/.platformio/packages/toolchain-gccarmnoneeabi-teensy/bin/../lib/gcc/arm-none-eabi/11.3.1/../../../../arm-none-eabi/lib/thumb/v7e-m+fp/hard/libstdc++.a(si_class_type_info.o)
                0x00000000000083a8                __cxxabiv1::__si_class_type_info::__do_dyncast(int, __cxxabiv1::__class_type_info::__sub_kind, __cxxabiv1::__class_type_info const*, void const*, __cxxabiv1::__class_type_info const*, void const*, __cxxabiv1::__class_type_info::__dyncast_result&) const
 .text._ZNK10__cxxabiv120__si_class_type_info11__do_upcastEPKNS_17__class_type_infoEPKvRNS1_15__upcast_resultE
                0x0000000000008424       0x2c /Users/omdeshmukh/.platformio/packages/toolchain-gccarmnoneeabi-teensy/bin/../lib/gcc/arm-none-eabi/11.3.1/../../../../arm-none-eabi/lib/thumb/v7e-m+fp/hard/libstdc++.a(si_class_type_info.o)
                0x0000000000008424                __cxxabiv1::__si_class_type_info::__do_upcast(__cxxabiv1::__class_type_info const*, void const*, __cxxabiv1::__class_type_info::__upcast_result&) const
 .text._ZNSt9type_infoD2Ev
                0x0000000000008450        0x4 /Users/omdeshmukh/.platformio/packages/toolchain-gccarmnoneeabi-teensy/bin/../lib/gcc/arm-none-eabi/11.3.1/../../../../arm-none-eabi/lib/thumb/v7e-m+fp/hard/libstdc++.a(tinfo.o)
                0x0000000000008450                std::type_info::~type_info()
                0x0000000000008450                std::type_info::~type_info()
 .text._ZNKSt9type_info14__is_pointer_pEv
                0x0000000000008454        0x4 /Users/omdeshmukh/.platformio/packages/toolchain-gccarmnoneeabi-teensy/bin/../lib/gcc/arm-none-eabi/11.3.1/../../../../arm-none-eabi/lib/thumb/v7e-m+fp/hard/libstdc++.a(tinfo.o)
                0x0000000000008454                std::type_info::__is_function_p() const
                0x0000000000008454                std::type_info::__is_pointer_p() const
 .text._ZNKSt9type_infoeqERKS_
                0x0000000000008458       0x2c /Users/omdeshmukh/.platformio/packages/toolchain-gccarmnoneeabi-teensy/bin/../lib/gcc/arm-none-eabi/11.3.1/../../../../arm-none-eabi/lib/thumb/v7e-m+fp/hard/libstdc++.a(tinfo.o)
                0x0000000000008458                std::type_info::operator==(std::type_info const&) const
 .text._ZN9__gnu_cxx27__verbose_terminate_handlerEv
                0x0000000000008484      0x10c /Users/omdeshmukh/.platformio/packages/toolchain-gccarmnoneeabi-teensy/bin/../lib/gcc/arm-none-eabi/11.3.1/../../../../arm-none-eabi/lib/thumb/v7e-m+fp/hard/libstdc++.a(vterminate.o)
                0x0000000000008484                __gnu_cxx::__verbose_terminate_handler()
 .text._ZNK10__cxxabiv117__class_type_info11__do_upcastEPKS0_PPv
                0x0000000000008590       0x34 /Users/omdeshmukh/.platformio/packages/toolchain-gccarmnoneeabi-teensy/bin/../lib/gcc/arm-none-eabi/11.3.1/../../../../arm-none-eabi/lib/thumb/v7e-m+fp/hard/libstdc++.a(class_type_info.o)
                0x0000000000008590                __cxxabiv1::__class_type_info::__do_upcast(__cxxabiv1::__class_type_info const*, void**) const
 .text._ZNK10__cxxabiv117__class_type_info20__do_find_public_srcEiPKvPKS0_S2_
                0x00000000000085c4        0xc /Users/omdeshmukh/.platformio/packages/toolchain-gccarmnoneeabi-teensy/bin/../lib/gcc/arm-none-eabi/11.3.1/../../../../arm-none-eabi/lib/thumb/v7e-m+fp/hard/libstdc++.a(class_type_info.o)
                0x00000000000085c4                __cxxabiv1::__class_type_info::__do_find_public_src(int, void const*, __cxxabiv1::__class_type_info const*, void const*) const
 .text._ZN10__cxxabiv117__class_type_infoD2Ev
                0x00000000000085d0       0x14 /Users/omdeshmukh/.platformio/packages/toolchain-gccarmnoneeabi-teensy/bin/../lib/gcc/arm-none-eabi/11.3.1/../../../../arm-none-eabi/lib/thumb/v7e-m+fp/hard/libstdc++.a(class_type_info.o)
                0x00000000000085d0                __cxxabiv1::__class_type_info::~__class_type_info()
                0x00000000000085d0                __cxxabiv1::__class_type_info::~__class_type_info()
 .text._ZN10__cxxabiv117__class_type_infoD0Ev
                0x00000000000085e4       0x1c /Users/omdeshmukh/.platformio/packages/toolchain-gccarmnoneeabi-teensy/bin/../lib/gcc/arm-none-eabi/11.3.1/../../../../arm-none-eabi/lib/thumb/v7e-m+fp/hard/libstdc++.a(class_type_info.o)
                0x00000000000085e4                __cxxabiv1::__class_type_info::~__class_type_info()
 .text._ZNK10__cxxabiv117__class_type_info12__do_dyncastEiNS0_10__sub_kindEPKS0_PKvS3_S5_RNS0_16__dyncast_resultE
                0x0000000000008600       0x44 /Users/omdeshmukh/.platformio/packages/toolchain-gccarmnoneeabi-teensy/bin/../lib/gcc/arm-none-eabi/11.3.1/../../../../arm-none-eabi/lib/thumb/v7e-m+fp/hard/libstdc++.a(class_type_info.o)
                0x0000000000008600                __cxxabiv1::__class_type_info::__do_dyncast(int, __cxxabiv1::__class_type_info::__sub_kind, __cxxabiv1::__class_type_info const*, void const*, __cxxabiv1::__class_type_info const*, void const*, __cxxabiv1::__class_type_info::__dyncast_result&) const
 .text._ZNK10__cxxabiv117__class_type_info11__do_upcastEPKS0_PKvRNS0_15__upcast_resultE
                0x0000000000008644       0x1c /Users/omdeshmukh/.platformio/packages/toolchain-gccarmnoneeabi-teensy/bin/../lib/gcc/arm-none-eabi/11.3.1/../../../../arm-none-eabi/lib/thumb/v7e-m+fp/hard/libstdc++.a(class_type_info.o)
                0x0000000000008644                __cxxabiv1::__class_type_info::__do_upcast(__cxxabiv1::__class_type_info const*, void const*, __cxxabiv1::__class_type_info::__upcast_result&) const
 .text._ZNK10__cxxabiv117__class_type_info10__do_catchEPKSt9type_infoPPvj
                0x0000000000008660       0x2c /Users/omdeshmukh/.platformio/packages/toolchain-gccarmnoneeabi-teensy/bin/../lib/gcc/arm-none-eabi/11.3.1/../../../../arm-none-eabi/lib/thumb/v7e-m+fp/hard/libstdc++.a(class_type_info.o)
                0x0000000000008660                __cxxabiv1::__class_type_info::__do_catch(std::type_info const*, void**, unsigned int) const
 .text.d_make_comp
                0x000000000000868c       0xf0 /Users/omdeshmukh/.platformio/packages/toolchain-gccarmnoneeabi-teensy/bin/../lib/gcc/arm-none-eabi/11.3.1/../../../../arm-none-eabi/lib/thumb/v7e-m+fp/hard/libstdc++.a(cp-demangle.o)
 .text.d_number
                0x000000000000877c       0x74 /Users/omdeshmukh/.platformio/packages/toolchain-gccarmnoneeabi-teensy/bin/../lib/gcc/arm-none-eabi/11.3.1/../../../../arm-none-eabi/lib/thumb/v7e-m+fp/hard/libstdc++.a(cp-demangle.o)
 .text.d_call_offset
                0x00000000000087f0       0x48 /Users/omdeshmukh/.platformio/packages/toolchain-gccarmnoneeabi-teensy/bin/../lib/gcc/arm-none-eabi/11.3.1/../../../../arm-none-eabi/lib/thumb/v7e-m+fp/hard/libstdc++.a(cp-demangle.o)
 .text.d_ref_qualifier
                0x0000000000008838       0x38 /Users/omdeshmukh/.platformio/packages/toolchain-gccarmnoneeabi-teensy/bin/../lib/gcc/arm-none-eabi/11.3.1/../../../../arm-none-eabi/lib/thumb/v7e-m+fp/hard/libstdc++.a(cp-demangle.o)
 .text.d_count_templates_scopes
                0x0000000000008870       0xd4 /Users/omdeshmukh/.platformio/packages/toolchain-gccarmnoneeabi-teensy/bin/../lib/gcc/arm-none-eabi/11.3.1/../../../../arm-none-eabi/lib/thumb/v7e-m+fp/hard/libstdc++.a(cp-demangle.o)
 .text.d_pack_length
                0x0000000000008944       0x1c /Users/omdeshmukh/.platformio/packages/toolchain-gccarmnoneeabi-teensy/bin/../lib/gcc/arm-none-eabi/11.3.1/../../../../arm-none-eabi/lib/thumb/v7e-m+fp/hard/libstdc++.a(cp-demangle.o)
 .text.d_discriminator
                0x0000000000008960       0x48 /Users/omdeshmukh/.platformio/packages/toolchain-gccarmnoneeabi-teensy/bin/../lib/gcc/arm-none-eabi/11.3.1/../../../../arm-none-eabi/lib/thumb/v7e-m+fp/hard/libstdc++.a(cp-demangle.o)
 .text.d_index_template_argument.part.0
                0x00000000000089a8       0x1c /Users/omdeshmukh/.platformio/packages/toolchain-gccarmnoneeabi-teensy/bin/../lib/gcc/arm-none-eabi/11.3.1/../../../../arm-none-eabi/lib/thumb/v7e-m+fp/hard/libstdc++.a(cp-demangle.o)
 .text.d_growable_string_callback_adapter
                0x00000000000089c4       0x78 /Users/omdeshmukh/.platformio/packages/toolchain-gccarmnoneeabi-teensy/bin/../lib/gcc/arm-none-eabi/11.3.1/../../../../arm-none-eabi/lib/thumb/v7e-m+fp/hard/libstdc++.a(cp-demangle.o)
 .text.next_is_type_qual.isra.0
                0x0000000000008a3c       0x30 /Users/omdeshmukh/.platformio/packages/toolchain-gccarmnoneeabi-teensy/bin/../lib/gcc/arm-none-eabi/11.3.1/../../../../arm-none-eabi/lib/thumb/v7e-m+fp/hard/libstdc++.a(cp-demangle.o)
 .text.d_append_char
                0x0000000000008a6c       0x44 /Users/omdeshmukh/.platformio/packages/toolchain-gccarmnoneeabi-teensy/bin/../lib/gcc/arm-none-eabi/11.3.1/../../../../arm-none-eabi/lib/thumb/v7e-m+fp/hard/libstdc++.a(cp-demangle.o)
 .text.d_lookup_template_argument
                0x0000000000008ab0       0x38 /Users/omdeshmukh/.platformio/packages/toolchain-gccarmnoneeabi-teensy/bin/../lib/gcc/arm-none-eabi/11.3.1/../../../../arm-none-eabi/lib/thumb/v7e-m+fp/hard/libstdc++.a(cp-demangle.o)
 .text.d_find_pack
                0x0000000000008ae8       0x94 /Users/omdeshmukh/.platformio/packages/toolchain-gccarmnoneeabi-teensy/bin/../lib/gcc/arm-none-eabi/11.3.1/../../../../arm-none-eabi/lib/thumb/v7e-m+fp/hard/libstdc++.a(cp-demangle.o)
 .text.d_append_string
                0x0000000000008b7c       0x68 /Users/omdeshmukh/.platformio/packages/toolchain-gccarmnoneeabi-teensy/bin/../lib/gcc/arm-none-eabi/11.3.1/../../../../arm-none-eabi/lib/thumb/v7e-m+fp/hard/libstdc++.a(cp-demangle.o)
 .text.d_template_param
                0x0000000000008be4       0x60 /Users/omdeshmukh/.platformio/packages/toolchain-gccarmnoneeabi-teensy/bin/../lib/gcc/arm-none-eabi/11.3.1/../../../../arm-none-eabi/lib/thumb/v7e-m+fp/hard/libstdc++.a(cp-demangle.o)
 .text.d_append_num
                0x0000000000008c44       0x78 /Users/omdeshmukh/.platformio/packages/toolchain-gccarmnoneeabi-teensy/bin/../lib/gcc/arm-none-eabi/11.3.1/../../../../arm-none-eabi/lib/thumb/v7e-m+fp/hard/libstdc++.a(cp-demangle.o)
 .text.d_source_name
                0x0000000000008cbc       0xe0 /Users/omdeshmukh/.platformio/packages/toolchain-gccarmnoneeabi-teensy/bin/../lib/gcc/arm-none-eabi/11.3.1/../../../../arm-none-eabi/lib/thumb/v7e-m+fp/hard/libstdc++.a(cp-demangle.o)
 .text.d_substitution
                0x0000000000008d9c      0x194 /Users/omdeshmukh/.platformio/packages/toolchain-gccarmnoneeabi-teensy/bin/../lib/gcc/arm-none-eabi/11.3.1/../../../../arm-none-eabi/lib/thumb/v7e-m+fp/hard/libstdc++.a(cp-demangle.o)
 .text.d_type   0x0000000000008f30      0x870 /Users/omdeshmukh/.platformio/packages/toolchain-gccarmnoneeabi-teensy/bin/../lib/gcc/arm-none-eabi/11.3.1/../../../../arm-none-eabi/lib/thumb/v7e-m+fp/hard/libstdc++.a(cp-demangle.o)
 .text.d_parmlist
                0x00000000000097a0       0x80 /Users/omdeshmukh/.platformio/packages/toolchain-gccarmnoneeabi-teensy/bin/../lib/gcc/arm-none-eabi/11.3.1/../../../../arm-none-eabi/lib/thumb/v7e-m+fp/hard/libstdc++.a(cp-demangle.o)
 .text.d_bare_function_type
                0x0000000000009820       0x48 /Users/omdeshmukh/.platformio/packages/toolchain-gccarmnoneeabi-teensy/bin/../lib/gcc/arm-none-eabi/11.3.1/../../../../arm-none-eabi/lib/thumb/v7e-m+fp/hard/libstdc++.a(cp-demangle.o)
 .text.d_function_type
                0x0000000000009868       0x6c /Users/omdeshmukh/.platformio/packages/toolchain-gccarmnoneeabi-teensy/bin/../lib/gcc/arm-none-eabi/11.3.1/../../../../arm-none-eabi/lib/thumb/v7e-m+fp/hard/libstdc++.a(cp-demangle.o)
 .text.d_operator_name
                0x00000000000098d4      0x108 /Users/omdeshmukh/.platformio/packages/toolchain-gccarmnoneeabi-teensy/bin/../lib/gcc/arm-none-eabi/11.3.1/../../../../arm-none-eabi/lib/thumb/v7e-m+fp/hard/libstdc++.a(cp-demangle.o)
 .text.d_unqualified_name
                0x00000000000099dc      0x340 /Users/omdeshmukh/.platformio/packages/toolchain-gccarmnoneeabi-teensy/bin/../lib/gcc/arm-none-eabi/11.3.1/../../../../arm-none-eabi/lib/thumb/v7e-m+fp/hard/libstdc++.a(cp-demangle.o)
 .text.d_expr_primary
                0x0000000000009d1c      0x120 /Users/omdeshmukh/.platformio/packages/toolchain-gccarmnoneeabi-teensy/bin/../lib/gcc/arm-none-eabi/11.3.1/../../../../arm-none-eabi/lib/thumb/v7e-m+fp/hard/libstdc++.a(cp-demangle.o)
 .text.d_template_arg
                0x0000000000009e3c       0x58 /Users/omdeshmukh/.platformio/packages/toolchain-gccarmnoneeabi-teensy/bin/../lib/gcc/arm-none-eabi/11.3.1/../../../../arm-none-eabi/lib/thumb/v7e-m+fp/hard/libstdc++.a(cp-demangle.o)
 .text.d_template_args_1
                0x0000000000009e94       0x64 /Users/omdeshmukh/.platformio/packages/toolchain-gccarmnoneeabi-teensy/bin/../lib/gcc/arm-none-eabi/11.3.1/../../../../arm-none-eabi/lib/thumb/v7e-m+fp/hard/libstdc++.a(cp-demangle.o)
 .text.d_prefix
                0x0000000000009ef8      0x12c /Users/omdeshmukh/.platformio/packages/toolchain-gccarmnoneeabi-teensy/bin/../lib/gcc/arm-none-eabi/11.3.1/../../../../arm-none-eabi/lib/thumb/v7e-m+fp/hard/libstdc++.a(cp-demangle.o)
 .text.d_expression_1
                0x000000000000a024      0x4ec /Users/omdeshmukh/.platformio/packages/toolchain-gccarmnoneeabi-teensy/bin/../lib/gcc/arm-none-eabi/11.3.1/../../../../arm-none-eabi/lib/thumb/v7e-m+fp/hard/libstdc++.a(cp-demangle.o)
 .text.d_exprlist
                0x000000000000a510       0x74 /Users/omdeshmukh/.platformio/packages/toolchain-gccarmnoneeabi-teensy/bin/../lib/gcc/arm-none-eabi/11.3.1/../../../../arm-none-eabi/lib/thumb/v7e-m+fp/hard/libstdc++.a(cp-demangle.o)
 .text.d_cv_qualifiers
                0x000000000000a584      0x154 /Users/omdeshmukh/.platformio/packages/toolchain-gccarmnoneeabi-teensy/bin/../lib/gcc/arm-none-eabi/11.3.1/../../../../arm-none-eabi/lib/thumb/v7e-m+fp/hard/libstdc++.a(cp-demangle.o)
 .text.d_special_name
                0x000000000000a6d8      0x474 /Users/omdeshmukh/.platformio/packages/toolchain-gccarmnoneeabi-teensy/bin/../lib/gcc/arm-none-eabi/11.3.1/../../../../arm-none-eabi/lib/thumb/v7e-m+fp/hard/libstdc++.a(cp-demangle.o)
 .text.d_name   0x000000000000ab4c      0x29c /Users/omdeshmukh/.platformio/packages/toolchain-gccarmnoneeabi-teensy/bin/../lib/gcc/arm-none-eabi/11.3.1/../../../../arm-none-eabi/lib/thumb/v7e-m+fp/hard/libstdc++.a(cp-demangle.o)
 .text.d_encoding.part.0
                0x000000000000ade8       0xf8 /Users/omdeshmukh/.platformio/packages/toolchain-gccarmnoneeabi-teensy/bin/../lib/gcc/arm-none-eabi/11.3.1/../../../../arm-none-eabi/lib/thumb/v7e-m+fp/hard/libstdc++.a(cp-demangle.o)
 .text.d_print_comp_inner
                0x000000000000aee0     0x20f4 /Users/omdeshmukh/.platformio/packages/toolchain-gccarmnoneeabi-teensy/bin/../lib/gcc/arm-none-eabi/11.3.1/../../../../arm-none-eabi/lib/thumb/v7e-m+fp/hard/libstdc++.a(cp-demangle.o)
 .text.d_print_comp
                0x000000000000cfd4       0x5c /Users/omdeshmukh/.platformio/packages/toolchain-gccarmnoneeabi-teensy/bin/../lib/gcc/arm-none-eabi/11.3.1/../../../../arm-none-eabi/lib/thumb/v7e-m+fp/hard/libstdc++.a(cp-demangle.o)
 .text.d_print_mod
                0x000000000000d030      0x638 /Users/omdeshmukh/.platformio/packages/toolchain-gccarmnoneeabi-teensy/bin/../lib/gcc/arm-none-eabi/11.3.1/../../../../arm-none-eabi/lib/thumb/v7e-m+fp/hard/libstdc++.a(cp-demangle.o)
 .text.d_print_function_type
                0x000000000000d668      0x1d8 /Users/omdeshmukh/.platformio/packages/toolchain-gccarmnoneeabi-teensy/bin/../lib/gcc/arm-none-eabi/11.3.1/../../../../arm-none-eabi/lib/thumb/v7e-m+fp/hard/libstdc++.a(cp-demangle.o)
 .text.d_print_mod_list
                0x000000000000d840      0x248 /Users/omdeshmukh/.platformio/packages/toolchain-gccarmnoneeabi-teensy/bin/../lib/gcc/arm-none-eabi/11.3.1/../../../../arm-none-eabi/lib/thumb/v7e-m+fp/hard/libstdc++.a(cp-demangle.o)
 .text.d_print_array_type
                0x000000000000da88      0x1c8 /Users/omdeshmukh/.platformio/packages/toolchain-gccarmnoneeabi-teensy/bin/../lib/gcc/arm-none-eabi/11.3.1/../../../../arm-none-eabi/lib/thumb/v7e-m+fp/hard/libstdc++.a(cp-demangle.o)
 .text.d_print_expr_op
                0x000000000000dc50       0x78 /Users/omdeshmukh/.platformio/packages/toolchain-gccarmnoneeabi-teensy/bin/../lib/gcc/arm-none-eabi/11.3.1/../../../../arm-none-eabi/lib/thumb/v7e-m+fp/hard/libstdc++.a(cp-demangle.o)
 .text.d_demangle_callback.constprop.0
                0x000000000000dcc8      0x380 /Users/omdeshmukh/.platformio/packages/toolchain-gccarmnoneeabi-teensy/bin/../lib/gcc/arm-none-eabi/11.3.1/../../../../arm-none-eabi/lib/thumb/v7e-m+fp/hard/libstdc++.a(cp-demangle.o)
 .text.d_print_subexpr
                0x000000000000e048       0xdc /Users/omdeshmukh/.platformio/packages/toolchain-gccarmnoneeabi-teensy/bin/../lib/gcc/arm-none-eabi/11.3.1/../../../../arm-none-eabi/lib/thumb/v7e-m+fp/hard/libstdc++.a(cp-demangle.o)
 .text.d_maybe_print_fold_expression
                0x000000000000e124      0x254 /Users/omdeshmukh/.platformio/packages/toolchain-gccarmnoneeabi-teensy/bin/../lib/gcc/arm-none-eabi/11.3.1/../../../../arm-none-eabi/lib/thumb/v7e-m+fp/hard/libstdc++.a(cp-demangle.o)
 .text.d_maybe_print_designated_init
                0x000000000000e378      0x1e4 /Users/omdeshmukh/.platformio/packages/toolchain-gccarmnoneeabi-teensy/bin/../lib/gcc/arm-none-eabi/11.3.1/../../../../arm-none-eabi/lib/thumb/v7e-m+fp/hard/libstdc++.a(cp-demangle.o)
 .text.__cxa_demangle
                0x000000000000e55c       0xc4 /Users/omdeshmukh/.platformio/packages/toolchain-gccarmnoneeabi-teensy/bin/../lib/gcc/arm-none-eabi/11.3.1/../../../../arm-none-eabi/lib/thumb/v7e-m+fp/hard/libstdc++.a(cp-demangle.o)
                0x000000000000e55c                __cxa_demangle
 .text._ZN10__cxxabiv1L24__is_gxx_exception_classEPc
                0x000000000000e620       0x3c /Users/omdeshmukh/.platformio/packages/toolchain-gccarmnoneeabi-teensy/bin/../lib/gcc/arm-none-eabi/11.3.1/../../../../arm-none-eabi/lib/thumb/v7e-m+fp/hard/libstdc++.a(eh_call.o)
 .text.__cxa_call_terminate
                0x000000000000e65c       0x20 /Users/omdeshmukh/.platformio/packages/toolchain-gccarmnoneeabi-teensy/bin/../lib/gcc/arm-none-eabi/11.3.1/../../../../arm-none-eabi/lib/thumb/v7e-m+fp/hard/libstdc++.a(eh_call.o)
                0x000000000000e65c                __cxa_call_terminate
 .text.unlikely.__cxa_call_unexpected
                0x000000000000e67c       0xe4 /Users/omdeshmukh/.platformio/packages/toolchain-gccarmnoneeabi-teensy/bin/../lib/gcc/arm-none-eabi/11.3.1/../../../../arm-none-eabi/lib/thumb/v7e-m+fp/hard/libstdc++.a(eh_call.o)
                0x000000000000e67c                __cxa_call_unexpected
 .text.__cxa_begin_catch
                0x000000000000e760       0x7c /Users/omdeshmukh/.platformio/packages/toolchain-gccarmnoneeabi-teensy/bin/../lib/gcc/arm-none-eabi/11.3.1/../../../../arm-none-eabi/lib/thumb/v7e-m+fp/hard/libstdc++.a(eh_catch.o)
                0x000000000000e760                __cxa_begin_catch
 .text.__cxa_end_catch
                0x000000000000e7dc       0x8c /Users/omdeshmukh/.platformio/packages/toolchain-gccarmnoneeabi-teensy/bin/../lib/gcc/arm-none-eabi/11.3.1/../../../../arm-none-eabi/lib/thumb/v7e-m+fp/hard/libstdc++.a(eh_catch.o)
                0x000000000000e7dc                __cxa_end_catch
 .text._ZL23__gxx_exception_cleanup19_Unwind_Reason_CodeP21_Unwind_Control_Block
                0x000000000000e868       0x4c /Users/omdeshmukh/.platformio/packages/toolchain-gccarmnoneeabi-teensy/bin/../lib/gcc/arm-none-eabi/11.3.1/../../../../arm-none-eabi/lib/thumb/v7e-m+fp/hard/libstdc++.a(eh_throw.o)
 .text.__cxa_init_primary_exception
                0x000000000000e8b4       0x58 /Users/omdeshmukh/.platformio/packages/toolchain-gccarmnoneeabi-teensy/bin/../lib/gcc/arm-none-eabi/11.3.1/../../../../arm-none-eabi/lib/thumb/v7e-m+fp/hard/libstdc++.a(eh_throw.o)
                0x000000000000e8b4                __cxa_init_primary_exception
 .text.__cxa_throw
                0x000000000000e90c       0x38 /Users/omdeshmukh/.platformio/packages/toolchain-gccarmnoneeabi-teensy/bin/../lib/gcc/arm-none-eabi/11.3.1/../../../../arm-none-eabi/lib/thumb/v7e-m+fp/hard/libstdc++.a(eh_throw.o)
                0x000000000000e90c                __cxa_throw
 .text.__cxa_rethrow
                0x000000000000e944       0x70 /Users/omdeshmukh/.platformio/packages/toolchain-gccarmnoneeabi-teensy/bin/../lib/gcc/arm-none-eabi/11.3.1/../../../../arm-none-eabi/lib/thumb/v7e-m+fp/hard/libstdc++.a(eh_throw.o)
                0x000000000000e944                __cxa_rethrow
 .text.__cxa_current_exception_type
                0x000000000000e9b4       0x1c /Users/omdeshmukh/.platformio/packages/toolchain-gccarmnoneeabi-teensy/bin/../lib/gcc/arm-none-eabi/11.3.1/../../../../arm-none-eabi/lib/thumb/v7e-m+fp/hard/libstdc++.a(eh_type.o)
                0x000000000000e9b4                __cxa_current_exception_type
 .text._ZN12_GLOBAL__N_14pool4freeEPv.constprop.0
                0x000000000000e9d0       0x88 /Users/omdeshmukh/.platformio/packages/toolchain-gccarmnoneeabi-teensy/bin/../lib/gcc/arm-none-eabi/11.3.1/../../../../arm-none-eabi/lib/thumb/v7e-m+fp/hard/libstdc++.a(eh_alloc.o)
 .text._ZN12_GLOBAL__N_14pool8allocateEj.constprop.0
                0x000000000000ea58       0x58 /Users/omdeshmukh/.platformio/packages/toolchain-gccarmnoneeabi-teensy/bin/../lib/gcc/arm-none-eabi/11.3.1/../../../../arm-none-eabi/lib/thumb/v7e-m+fp/hard/libstdc++.a(eh_alloc.o)
 .text.__cxa_allocate_exception
                0x000000000000eab0       0x30 /Users/omdeshmukh/.platformio/packages/toolchain-gccarmnoneeabi-teensy/bin/../lib/gcc/arm-none-eabi/11.3.1/../../../../arm-none-eabi/lib/thumb/v7e-m+fp/hard/libstdc++.a(eh_alloc.o)
                0x000000000000eab0                __cxa_allocate_exception
 .text.__cxa_free_exception
                0x000000000000eae0       0x20 /Users/omdeshmukh/.platformio/packages/toolchain-gccarmnoneeabi-teensy/bin/../lib/gcc/arm-none-eabi/11.3.1/../../../../arm-none-eabi/lib/thumb/v7e-m+fp/hard/libstdc++.a(eh_alloc.o)
                0x000000000000eae0                __cxa_free_exception
 .text.startup._GLOBAL__sub_I__ZN9__gnu_cxx9__freeresEv
                0x000000000000eb00       0x28 /Users/omdeshmukh/.platformio/packages/toolchain-gccarmnoneeabi-teensy/bin/../lib/gcc/arm-none-eabi/11.3.1/../../../../arm-none-eabi/lib/thumb/v7e-m+fp/hard/libstdc++.a(eh_alloc.o)
 .text._ZN5Print5writeEPKc.isra.0
                0x000000000000eb28       0x20 .pio/build/teensy35/lib5c6/libSdFat.a(ExFatFormatter.cpp.o)
 .text._ZN14ExFatFormatter10syncUpcaseEv
                0x000000000000eb48       0x30 .pio/build/teensy35/lib5c6/libSdFat.a(ExFatFormatter.cpp.o)
                0x000000000000eb48                ExFatFormatter::syncUpcase()
 .text._ZN14ExFatFormatter15writeUpcaseByteEh
                0x000000000000eb78       0x40 .pio/build/teensy35/lib5c6/libSdFat.a(ExFatFormatter.cpp.o)
                0x000000000000eb78                ExFatFormatter::writeUpcaseByte(unsigned char)
 .text._ZN14ExFatFormatter18writeUpcaseUnicodeEt
                0x000000000000ebb8       0x4c .pio/build/teensy35/lib5c6/libSdFat.a(ExFatFormatter.cpp.o)
                0x000000000000ebb8                ExFatFormatter::writeUpcaseUnicode(unsigned short)
 .text._ZN14ExFatFormatter11writeUpcaseEm
                0x000000000000ec04       0xb0 .pio/build/teensy35/lib5c6/libSdFat.a(ExFatFormatter.cpp.o)
                0x000000000000ec04                ExFatFormatter::writeUpcase(unsigned long)
 .text._ZN14ExFatFormatter6formatEP22FsBlockDeviceInterfacePhP5Print
                0x000000000000ecb4      0x508 .pio/build/teensy35/lib5c6/libSdFat.a(ExFatFormatter.cpp.o)
                0x000000000000ecb4                ExFatFormatter::format(FsBlockDeviceInterface*, unsigned char*, Print*)
 .text._ZN22FsBlockDeviceInterface20writeSectorsCallbackEmjPFPKhmPvES2_
                0x000000000000f1bc       0x3c .pio/build/teensy35/lib5c6/libSdFat.a(FatFormatter.cpp.o)
                0x000000000000f1bc                FsBlockDeviceInterface::writeSectorsCallback(unsigned long, unsigned int, unsigned char const* (*)(unsigned long, void*), void*)
 .text._ZL18initFatDirCallbackmPv
                0x000000000000f1f8       0x30 .pio/build/teensy35/lib5c6/libSdFat.a(FatFormatter.cpp.o)
 .text._ZN12FatFormatter10initFatDirEhm
                0x000000000000f228      0x120 .pio/build/teensy35/lib5c6/libSdFat.a(FatFormatter.cpp.o)
                0x000000000000f228                FatFormatter::initFatDir(unsigned char, unsigned long)
 .text._ZN12FatFormatter7initPbsEv
                0x000000000000f348       0x54 .pio/build/teensy35/lib5c6/libSdFat.a(FatFormatter.cpp.o)
                0x000000000000f348                FatFormatter::initPbs()
 .text._ZN12FatFormatter8writeMbrEv
                0x000000000000f39c       0x5c .pio/build/teensy35/lib5c6/libSdFat.a(FatFormatter.cpp.o)
                0x000000000000f39c                FatFormatter::writeMbr()
 .text._ZN12FatFormatter9makeFat16Ev
                0x000000000000f3f8      0x114 .pio/build/teensy35/lib5c6/libSdFat.a(FatFormatter.cpp.o)
                0x000000000000f3f8                FatFormatter::makeFat16()
 .text._ZN12FatFormatter9makeFat32Ev
                0x000000000000f50c      0x1c8 .pio/build/teensy35/lib5c6/libSdFat.a(FatFormatter.cpp.o)
                0x000000000000f50c                FatFormatter::makeFat32()
 .text._ZN12FatFormatter6formatEP22FsBlockDeviceInterfacePhP5Print
                0x000000000000f6d4       0xb4 .pio/build/teensy35/lib5c6/libSdFat.a(FatFormatter.cpp.o)
                0x000000000000f6d4                FatFormatter::format(FsBlockDeviceInterface*, unsigned char*, Print*)
 .text._ZN15SdCardInterface6statusEv
                0x000000000000f788        0x8 .pio/build/teensy35/lib5c6/libSdFat.a(SdSpiCard.cpp.o)
                0x000000000000f788                SdCardInterface::status()
 .text._ZNK13SharedSpiCard9errorCodeEv
                0x000000000000f790        0x4 .pio/build/teensy35/lib5c6/libSdFat.a(SdSpiCard.cpp.o)
                0x000000000000f790                SharedSpiCard::errorCode() const
 .text._ZNK13SharedSpiCard9errorDataEv